Archive member included because of file (symbol)

c:/yagarto/bin/../lib/gcc/arm-none-eabi/4.6.2/../../../../arm-none-eabi/lib/thumb/v7m\libc.a(lib_a-atexit.o)
                              c:/yagarto/bin/../lib/gcc/arm-none-eabi/4.6.2/../../../../arm-none-eabi/lib/thumb/v7m/crt0.o (atexit)
c:/yagarto/bin/../lib/gcc/arm-none-eabi/4.6.2/../../../../arm-none-eabi/lib/thumb/v7m\libc.a(lib_a-exit.o)
                              c:/yagarto/bin/../lib/gcc/arm-none-eabi/4.6.2/../../../../arm-none-eabi/lib/thumb/v7m/crt0.o (exit)
c:/yagarto/bin/../lib/gcc/arm-none-eabi/4.6.2/../../../../arm-none-eabi/lib/thumb/v7m\libc.a(lib_a-fini.o)
                              c:/yagarto/bin/../lib/gcc/arm-none-eabi/4.6.2/../../../../arm-none-eabi/lib/thumb/v7m/crt0.o (__libc_fini_array)
c:/yagarto/bin/../lib/gcc/arm-none-eabi/4.6.2/../../../../arm-none-eabi/lib/thumb/v7m\libc.a(lib_a-impure.o)
                              c:/yagarto/bin/../lib/gcc/arm-none-eabi/4.6.2/../../../../arm-none-eabi/lib/thumb/v7m\libc.a(lib_a-exit.o) (_global_impure_ptr)
c:/yagarto/bin/../lib/gcc/arm-none-eabi/4.6.2/../../../../arm-none-eabi/lib/thumb/v7m\libc.a(lib_a-init.o)
                              c:/yagarto/bin/../lib/gcc/arm-none-eabi/4.6.2/../../../../arm-none-eabi/lib/thumb/v7m/crt0.o (__libc_init_array)
c:/yagarto/bin/../lib/gcc/arm-none-eabi/4.6.2/../../../../arm-none-eabi/lib/thumb/v7m\libc.a(lib_a-memcpy.o)
                              ./src/leds_pca.o (memcpy)
c:/yagarto/bin/../lib/gcc/arm-none-eabi/4.6.2/../../../../arm-none-eabi/lib/thumb/v7m\libc.a(lib_a-memset.o)
                              c:/yagarto/bin/../lib/gcc/arm-none-eabi/4.6.2/../../../../arm-none-eabi/lib/thumb/v7m/crt0.o (memset)
c:/yagarto/bin/../lib/gcc/arm-none-eabi/4.6.2/../../../../arm-none-eabi/lib/thumb/v7m\libc.a(lib_a-strchr.o)
                              ./sd/kl_ini.o (strchr)
c:/yagarto/bin/../lib/gcc/arm-none-eabi/4.6.2/../../../../arm-none-eabi/lib/thumb/v7m\libc.a(lib_a-strcmp.o)
                              ./src/main.o (strcmp)
c:/yagarto/bin/../lib/gcc/arm-none-eabi/4.6.2/../../../../arm-none-eabi/lib/thumb/v7m\libc.a(lib_a-strcpy.o)
                              ./sd/kl_ini.o (strcpy)
c:/yagarto/bin/../lib/gcc/arm-none-eabi/4.6.2/../../../../arm-none-eabi/lib/thumb/v7m\libc.a(lib_a-strlen.o)
                              ./src/main.o (strlen)
c:/yagarto/bin/../lib/gcc/arm-none-eabi/4.6.2/../../../../arm-none-eabi/lib/thumb/v7m\libc.a(lib_a-strncasecmp.o)
                              ./sd/kl_ini.o (strncasecmp)
c:/yagarto/bin/../lib/gcc/arm-none-eabi/4.6.2/../../../../arm-none-eabi/lib/thumb/v7m\libc.a(lib_a-strtol.o)
                              ./sd/kl_ini.o (strtol)
c:/yagarto/bin/../lib/gcc/arm-none-eabi/4.6.2/../../../../arm-none-eabi/lib/thumb/v7m\libc.a(lib_a-__atexit.o)
                              c:/yagarto/bin/../lib/gcc/arm-none-eabi/4.6.2/../../../../arm-none-eabi/lib/thumb/v7m\libc.a(lib_a-atexit.o) (__register_exitproc)
c:/yagarto/bin/../lib/gcc/arm-none-eabi/4.6.2/../../../../arm-none-eabi/lib/thumb/v7m\libc.a(lib_a-__call_atexit.o)
                              c:/yagarto/bin/../lib/gcc/arm-none-eabi/4.6.2/../../../../arm-none-eabi/lib/thumb/v7m\libc.a(lib_a-exit.o) (__call_exitprocs)
c:/yagarto/bin/../lib/gcc/arm-none-eabi/4.6.2/../../../../arm-none-eabi/lib/thumb/v7m\libc.a(lib_a-ctype_.o)
                              c:/yagarto/bin/../lib/gcc/arm-none-eabi/4.6.2/../../../../arm-none-eabi/lib/thumb/v7m\libc.a(lib_a-strncasecmp.o) (__ctype_ptr__)
c:/yagarto/bin/../lib/gcc/arm-none-eabi/4.6.2/thumb/v7m\libgcc.a(_udivsi3.o)
                              c:/yagarto/bin/../lib/gcc/arm-none-eabi/4.6.2/../../../../arm-none-eabi/lib/thumb/v7m\libc.a(lib_a-strtol.o) (__aeabi_uidiv)
c:/yagarto/bin/../lib/gcc/arm-none-eabi/4.6.2/thumb/v7m\libgcc.a(_dvmd_tls.o)
                              c:/yagarto/bin/../lib/gcc/arm-none-eabi/4.6.2/thumb/v7m\libgcc.a(_udivsi3.o) (__aeabi_idiv0)

Discarded input sections

 .text          0x00000000        0x0 c:/yagarto/bin/../lib/gcc/arm-none-eabi/4.6.2/thumb/v7m/crti.o
 .data          0x00000000        0x0 c:/yagarto/bin/../lib/gcc/arm-none-eabi/4.6.2/thumb/v7m/crti.o
 .bss           0x00000000        0x0 c:/yagarto/bin/../lib/gcc/arm-none-eabi/4.6.2/thumb/v7m/crti.o
 .data          0x00000000        0x4 c:/yagarto/bin/../lib/gcc/arm-none-eabi/4.6.2/thumb/v7m/crtbegin.o
 .text          0x00000000       0x70 c:/yagarto/bin/../lib/gcc/arm-none-eabi/4.6.2/../../../../arm-none-eabi/lib/thumb/v7m/crt0.o
 .data          0x00000000        0x0 c:/yagarto/bin/../lib/gcc/arm-none-eabi/4.6.2/../../../../arm-none-eabi/lib/thumb/v7m/crt0.o
 .bss           0x00000000        0x0 c:/yagarto/bin/../lib/gcc/arm-none-eabi/4.6.2/../../../../arm-none-eabi/lib/thumb/v7m/crt0.o
 .ARM.extab     0x00000000        0x0 c:/yagarto/bin/../lib/gcc/arm-none-eabi/4.6.2/../../../../arm-none-eabi/lib/thumb/v7m/crt0.o
[...]
Memory Configuration

Name             Origin             Length             Attributes
FLASH            0x08000000         0x00040000         xr
RAM              0x20000000         0x0000c000         xrw
MEMORY_B1        0x60000000         0x00000000         xr
*default*        0x00000000         0xffffffff

Linker script and memory map

LOAD c:/yagarto/bin/../lib/gcc/arm-none-eabi/4.6.2/thumb/v7m/crti.o
LOAD c:/yagarto/bin/../lib/gcc/arm-none-eabi/4.6.2/thumb/v7m/crtbegin.o
LOAD c:/yagarto/bin/../lib/gcc/arm-none-eabi/4.6.2/../../../../arm-none-eabi/lib/thumb/v7m/crt0.o
LOAD ./src/delay_util.o
LOAD ./src/i2c_mgr.o
LOAD ./src/keys.o
LOAD ./src/kl_util.o
LOAD ./src/leds_pca.o
LOAD ./src/main.o
LOAD ./src/media.o
LOAD ./src/sensors.o
LOAD ./src/vs.o
LOAD ./sd/ff.o
LOAD ./sd/kl_ini.o
LOAD ./sd/sd.o
LOAD ./lib/startup/startup_stm32f10x_hd.o
LOAD ./lib/src/misc.o
LOAD ./lib/src/stm32f10x_adc.o
LOAD ./lib/src/stm32f10x_dma.o
LOAD ./lib/src/stm32f10x_gpio.o
LOAD ./lib/src/stm32f10x_i2c.o
LOAD ./lib/src/stm32f10x_rcc.o
LOAD ./lib/src/stm32f10x_sdio.o
LOAD ./lib/src/stm32f10x_spi.o
LOAD ./lib/src/stm32f10x_tim.o
LOAD ./lib/src/stm32f10x_usart.o
LOAD ./lib/CoreSupport/core_cm3.o
LOAD ./lib/system_stm32f10x.o
LOAD c:/yagarto/bin/../lib/gcc/arm-none-eabi/4.6.2/../../../../arm-none-eabi/lib/thumb/v7m\libstdc++.a
LOAD c:/yagarto/bin/../lib/gcc/arm-none-eabi/4.6.2/../../../../arm-none-eabi/lib/thumb/v7m\libm.a
START GROUP
LOAD c:/yagarto/bin/../lib/gcc/arm-none-eabi/4.6.2/thumb/v7m\libgcc.a
LOAD c:/yagarto/bin/../lib/gcc/arm-none-eabi/4.6.2/../../../../arm-none-eabi/lib/thumb/v7m\libc.a
END GROUP
LOAD c:/yagarto/bin/../lib/gcc/arm-none-eabi/4.6.2/thumb/v7m/crtend.o
LOAD c:/yagarto/bin/../lib/gcc/arm-none-eabi/4.6.2/thumb/v7m/crtn.o
                0x2000c000                _estack = 0x2000c000
                0x00000000                _Min_Heap_Size = 0x0
                0x00000200                _Min_Stack_Size = 0x200

.isr_vector     0x08000000      0x1e4
                0x08000000                . = ALIGN (0x4)
 *(.isr_vector)
 .isr_vector    0x08000000      0x1e4 ./lib/startup/startup_stm32f10x_hd.o
                0x08000000                g_pfnVectors
                0x080001e4                . = ALIGN (0x4)

.text           0x080001e8     0x414c
                0x080001e8                . = ALIGN (0x4)
 *(.text)
 .text          0x080001e8       0x54 c:/yagarto/bin/../lib/gcc/arm-none-eabi/4.6.2/thumb/v7m/crtbegin.o
 .text          0x0800023c       0x84 c:/yagarto/bin/../lib/gcc/arm-none-eabi/4.6.2/../../../../arm-none-eabi/lib/thumb/v7m\libc.a(lib_a-memcpy.o)
                0x0800023c                memcpy
 .text          0x080002c0       0xf4 c:/yagarto/bin/../lib/gcc/arm-none-eabi/4.6.2/../../../../arm-none-eabi/lib/thumb/v7m\libc.a(lib_a-strchr.o)
                0x080002c0                strchr
 .text          0x080003b4      0x1dc c:/yagarto/bin/../lib/gcc/arm-none-eabi/4.6.2/../../../../arm-none-eabi/lib/thumb/v7m\libc.a(lib_a-strcmp.o)
                0x080003b4                strcmp
 .text          0x08000590       0xbc c:/yagarto/bin/../lib/gcc/arm-none-eabi/4.6.2/../../../../arm-none-eabi/lib/thumb/v7m\libc.a(lib_a-strcpy.o)
                0x08000590                strcpy
 .text          0x0800064c       0x60 c:/yagarto/bin/../lib/gcc/arm-none-eabi/4.6.2/../../../../arm-none-eabi/lib/thumb/v7m\libc.a(lib_a-strlen.o)
                0x0800064c                strlen
 .text          0x080006ac       0x54 c:/yagarto/bin/../lib/gcc/arm-none-eabi/4.6.2/../../../../arm-none-eabi/lib/thumb/v7m\libc.a(lib_a-strncasecmp.o)
                0x080006ac                strncasecmp
 .text          0x08000700      0x178 c:/yagarto/bin/../lib/gcc/arm-none-eabi/4.6.2/../../../../arm-none-eabi/lib/thumb/v7m\libc.a(lib_a-strtol.o)
                0x08000700                _strtol_r
                0x08000860                strtol
 .text          0x08000878      0x278 c:/yagarto/bin/../lib/gcc/arm-none-eabi/4.6.2/thumb/v7m\libgcc.a(_udivsi3.o)
                0x08000878                __aeabi_uidiv
                0x08000878                __udivsi3
                0x08000ad4                __aeabi_uidivmod
 .text          0x08000af0        0x4 c:/yagarto/bin/../lib/gcc/arm-none-eabi/4.6.2/thumb/v7m\libgcc.a(_dvmd_tls.o)
                0x08000af0                __aeabi_idiv0
                0x08000af0                __aeabi_ldiv0
 *(.text*)
 .text._ZN7Delay_t4InitEv
                0x08000af4       0x80 ./src/delay_util.o
                0x08000af4                Delay_t::Init()
 .text._ZN7Delay_t7ElapsedEPmm
                0x08000b74       0x14 ./src/delay_util.o
                0x08000b74                Delay_t::Elapsed(unsigned long*, unsigned long)
 .text.TIM2_IRQHandler
                0x08000b88       0x1c ./src/delay_util.o
                0x08000b88                TIM2_IRQHandler
 .text._ZN8i2cMgr_t10SendAddrTXEv
                0x08000ba4       0x24 ./src/i2c_mgr.o
                0x08000ba4                i2cMgr_t::SendAddrTX()
 .text._ZN8i2cMgr_t18CheckAddrTXSendingEv
                0x08000bc8       0x3c ./src/i2c_mgr.o
                0x08000bc8                i2cMgr_t::CheckAddrTXSending()
 .text._ZN8i2cMgr_t10SendAddrRXEv
                0x08000c04       0x24 ./src/i2c_mgr.o
                0x08000c04                i2cMgr_t::SendAddrRX()
 .text._ZN8i2cMgr_t18CheckAddrRXSendingEv
                0x08000c28       0x3c ./src/i2c_mgr.o
                0x08000c28                i2cMgr_t::CheckAddrRXSending()
 .text._ZN8i2cMgr_t12WriteOneByteEv
                0x08000c64       0x20 ./src/i2c_mgr.o
                0x08000c64                i2cMgr_t::WriteOneByte()
 .text._ZN8i2cMgr_t19CheckOneByteWritingEv
                0x08000c84       0x3c ./src/i2c_mgr.o
                0x08000c84                i2cMgr_t::CheckOneByteWriting()
 .text._ZN8i2cMgr_t11ReadOneByteEv
                0x08000cc0       0x28 ./src/i2c_mgr.o
                0x08000cc0                i2cMgr_t::ReadOneByte()
 .text._ZN8i2cMgr_t19CheckOneByteReadingEv
                0x08000ce8       0x48 ./src/i2c_mgr.o
                0x08000ce8                i2cMgr_t::CheckOneByteReading()
 .text._ZN8i2cMgr_t9WriteManyEv
                0x08000d30       0x68 ./src/i2c_mgr.o
                0x08000d30                i2cMgr_t::WriteMany()
 .text._ZN8i2cMgr_t16CheckManyWritingEv
                0x08000d98       0x38 ./src/i2c_mgr.o
                0x08000d98                i2cMgr_t::CheckManyWriting()
 .text._ZN8i2cMgr_t8ReadManyEv
                0x08000dd0       0x80 ./src/i2c_mgr.o
                0x08000dd0                i2cMgr_t::ReadMany()
 .text._ZN8i2cMgr_t16CheckManyReadingEv
                0x08000e50       0x2c ./src/i2c_mgr.o
                0x08000e50                i2cMgr_t::CheckManyReading()
 .text._ZN8i2cMgr_t7GetNextEv
                0x08000e7c       0x14 ./src/i2c_mgr.o
                0x08000e7c                i2cMgr_t::GetNext()
 .text._ZN8i2cMgr_t14StopAndGetNextEv
                0x08000e90       0x1c ./src/i2c_mgr.o
                0x08000e90                i2cMgr_t::StopAndGetNext()
 .text._ZN8i2cMgr_t4InitEv
                0x08000eac       0xac ./src/i2c_mgr.o
                0x08000eac                i2cMgr_t::Init()
 .text._ZN8i2cMgr_t6AddCmdE9I2C_Cmd_t
                0x08000f58       0x36 ./src/i2c_mgr.o
                0x08000f58                i2cMgr_t::AddCmd(I2C_Cmd_t)
 *fill*         0x08000f8e        0x2 00
 .text._ZN8i2cMgr_t8BusyWaitEv
                0x08000f90       0x34 ./src/i2c_mgr.o
                0x08000f90                i2cMgr_t::BusyWait()
 .text._ZN8i2cMgr_t9SendStartEv
                0x08000fc4       0x40 ./src/i2c_mgr.o
                0x08000fc4                i2cMgr_t::SendStart()
 .text._ZN8i2cMgr_t4TaskEv
                0x08001004      0x1b8 ./src/i2c_mgr.o
                0x08001004                i2cMgr_t::Task()
 .text._ZN8i2cMgr_t14SendAddrTXPollEh
                0x080011bc       0x54 ./src/i2c_mgr.o
                0x080011bc                i2cMgr_t::SendAddrTXPoll(unsigned char)
 .text._ZN8i2cMgr_t15WriteBufferPollEhPhh
                0x08001210       0xa0 ./src/i2c_mgr.o
                0x08001210                i2cMgr_t::WriteBufferPoll(unsigned char, unsigned char*, unsigned char)
 .text._ZN6Keys_t4TaskEv
                0x080012b0       0xe4 ./src/keys.o
                0x080012b0                Keys_t::Task()
 .text._ZN6Keys_t4InitEv
                0x08001394       0x40 ./src/keys.o
                0x08001394                Keys_t::Init()
 .text.UART_Init
                0x080013d4       0x70 ./src/kl_util.o
                0x080013d4                UART_Init
 .text.UART_Print
                0x08001444       0x1c ./src/kl_util.o
                0x08001444                UART_Print
 .text.UintToHexChar
                0x08001460       0x10 ./src/kl_util.o
                0x08001460                UintToHexChar
 .text.UART_PrintAsHex
                0x08001470       0x80 ./src/kl_util.o
                0x08001470                UART_PrintAsHex
 .text.HexToUint
                0x080014f0       0x4c ./src/kl_util.o
                0x080014f0                HexToUint
 .text.UART_PrintUint
                0x0800153c       0x54 ./src/kl_util.o
                0x0800153c                UART_PrintUint
 .text.UART_PrintInt
                0x08001590       0x22 ./src/kl_util.o
                0x08001590                UART_PrintInt
 .text.UART_PrintString
                0x080015b2       0x14 ./src/kl_util.o
                0x080015b2                UART_PrintString
 .text.UART_Print8HexArray
                0x080015c6       0x1e ./src/kl_util.o
                0x080015c6                UART_Print8HexArray
 .text.klPrintf
                0x080015e4       0xba ./src/kl_util.o
                0x080015e4                klPrintf
 *fill*         0x0800169e        0x2 00
 .text._ZN6Leds_t4InitEv
                0x080016a0       0x98 ./src/leds_pca.o
                0x080016a0                Leds_t::Init()
 .text._ZN5Led_t4TaskEv
                0x08001738       0x44 ./src/leds_pca.o
                0x08001738                Led_t::Task()
 .text._ZN6Leds_t4TaskEv
                0x0800177c       0x4c ./src/leds_pca.o
                0x0800177c                Leds_t::Task()
 .text._ZN5Led_t5SolidE7Color_t
                0x080017c8       0x1e ./src/leds_pca.o
                0x080017c8                Led_t::Solid(Color_t)
 *fill*         0x080017e6        0x2 00
 .text._ZN5Led_t5BlinkE7Color_tm
                0x080017e8       0x4c ./src/leds_pca.o
                0x080017e8                Led_t::Blink(Color_t, unsigned long)
 .text._Z15EventJustOpenedv
                0x08001834       0x44 ./src/main.o
                0x08001834                EventJustOpened()
 .text._Z15EventJustClosedv
                0x08001878       0x44 ./src/main.o
                0x08001878                EventJustClosed()
 .text._Z9Event_Kbdv
                0x080018bc       0x98 ./src/main.o
                0x080018bc                Event_Kbd()
 .text._ZN10Settings_t4ReadEv
                0x08001954      0x178 ./src/main.o
                0x08001954                Settings_t::Read()
 .text._Z11GeneralInitv
                0x08001acc       0x9c ./src/main.o
                0x08001acc                GeneralInit()
 .text._ZN6Door_t4OpenEv
                0x08001b68       0x44 ./src/main.o
                0x08001b68                Door_t::Open()
 .text._ZN11Codecheck_t4TaskEv
                0x08001bac       0x80 ./src/main.o
                0x08001bac                Codecheck_t::Task()
 .text._ZN6Door_t5CloseEv
                0x08001c2c       0x48 ./src/main.o
                0x08001c2c                Door_t::Close()
 .text._ZN6Door_t4TaskEv
                0x08001c74       0x2c ./src/main.o
                0x08001c74                Door_t::Task()
 .text.startup.main
                0x08001ca0       0x44 ./src/main.o
                0x08001ca0                main
 .text._ZN7Sound_t7StopNowEv
                0x08001ce4       0x34 ./src/media.o
                0x08001ce4                Sound_t::StopNow()
 .text._ZN7Sound_t10UploadDataEv
                0x08001d18       0x5c ./src/media.o
                0x08001d18                Sound_t::UploadData()
 .text._ZN7Sound_t4PlayEPKc
                0x08001d74       0xa4 ./src/media.o
                0x08001d74                Sound_t::Play(char const*)
 .text._ZN7Sound_t4TaskEv
                0x08001e18       0x3c ./src/media.o
                0x08001e18                Sound_t::Task()
 .text._ZN4VS_t4InitEv
                0x08001e54       0xb4 ./src/vs.o
                0x08001e54                VS_t::Init()
 .text._ZN4VS_t6IsBusyEv
                0x08001f08       0x1c ./src/vs.o
                0x08001f08                VS_t::IsBusy()
 .text._ZN4VS_t8BusyWaitEv
                0x08001f24       0x2c ./src/vs.o
                0x08001f24                VS_t::BusyWait()
 .text._ZN4VS_t9WriteDataEPht
                0x08001f50       0x3c ./src/vs.o
                0x08001f50                VS_t::WriteData(unsigned char*, unsigned short)
 .text._ZN4VS_t13ReadWriteByteEh
                0x08001f8c       0x18 ./src/vs.o
                0x08001f8c                VS_t::ReadWriteByte(unsigned char)
 .text._ZN4VS_t8CmdWriteEht
                0x08001fa4       0x50 ./src/vs.o
                0x08001fa4                VS_t::CmdWrite(unsigned char, unsigned short)
 .text._ZN4VS_t12AmplifierOffEv
                0x08001ff4       0x32 ./src/vs.o
                0x08001ff4                VS_t::AmplifierOff()
 .text._ZN4VS_t11AmplifierOnEv
                0x08002026       0x32 ./src/vs.o
                0x08002026                VS_t::AmplifierOn()
 .text._ZN4VS_t6EnableEv
                0x08002058       0x54 ./src/vs.o
                0x08002058                VS_t::Enable()
 .text._ZN4VS_t19WriteTrailingZeroesEv
                0x080020ac       0x2c ./src/vs.o
                0x080020ac                VS_t::WriteTrailingZeroes()
 .text.check_fs
                0x080020d8       0x88 ./sd/ff.o
 .text.move_window
                0x08002160       0x2e ./sd/ff.o
 .text.clust2sect
                0x0800218e       0x16 ./sd/ff.o
                0x0800218e                clust2sect
 .text.get_fat  0x080021a4       0xca ./sd/ff.o
                0x080021a4                get_fat
 .text.dir_sdi.constprop.6
                0x0800226e       0x6c ./sd/ff.o
 *fill*         0x080022da        0x2 00
 .text.f_mount  0x080022dc       0x20 ./sd/ff.o
                0x080022dc                f_mount
 .text.f_open   0x080022fc      0x4c4 ./sd/ff.o
                0x080022fc                f_open
 .text.f_read   0x080027c0      0x140 ./sd/ff.o
                0x080027c0                f_read
 .text.f_close  0x08002900       0x30 ./sd/ff.o
                0x08002900                f_close
 .text.f_gets   0x08002930       0x46 ./sd/ff.o
                0x08002930                f_gets
 .text._Z11skipleadingPc
                0x08002976       0x12 ./sd/kl_ini.o
                0x08002976                skipleading(char*)
 .text._Z12skiptrailingPcPKc
                0x08002988       0x12 ./sd/kl_ini.o
                0x08002988                skiptrailing(char*, char const*)
 .text._Z13striptrailingPc
                0x0800299a       0x18 ./sd/kl_ini.o
                0x0800299a                striptrailing(char*)
 *fill*         0x080029b2        0x2 00
 .text._Z10ReadStringPKcS0_S0_Pcm
                0x080029b4      0x1c8 ./sd/kl_ini.o
                0x080029b4                ReadString(char const*, char const*, char const*, char*, unsigned long)
 .text._Z9ReadColorPKcS0_S0_P7Color_t
                0x08002b7c       0x5e ./sd/kl_ini.o
                0x08002b7c                ReadColor(char const*, char const*, char const*, Color_t*)
 .text._Z10ReadUint32PKcS0_S0_Pm
                0x08002bda       0x24 ./sd/kl_ini.o
                0x08002bda                ReadUint32(char const*, char const*, char const*, unsigned long*)
 *fill*         0x08002bfe        0x2 00
 .text._ZN4sd_t12LowLevelInitEv
                0x08002c00       0x54 ./sd/sd.o
                0x08002c00                sd_t::LowLevelInit()
 .text._ZN4sd_t8InitSDIOEhm
                0x08002c54       0x1c ./sd/sd.o
                0x08002c54                sd_t::InitSDIO(unsigned char, unsigned long)
 .text._ZN4sd_t11GetCardInfoEv
                0x08002c70      0x24c ./sd/sd.o
                0x08002c70                sd_t::GetCardInfo()
 .text._ZN4sd_t3CmdEmm13SD_RespType_tz
                0x08002ebc       0xe0 ./sd/sd.o
                0x08002ebc                sd_t::Cmd(unsigned long, unsigned long, SD_RespType_t, ...)
 .text._ZN4sd_t7FindSCREPm
                0x08002f9c       0xfc ./sd/sd.o
                0x08002f9c                sd_t::FindSCR(unsigned long*)
 .text._ZN4sd_t11SDEnWideBusE15FunctionalState
                0x08003098       0x72 ./sd/sd.o
                0x08003098                sd_t::SDEnWideBus(FunctionalState)
 .text._ZN4sd_t22EnableWideBusOperationEm
                0x0800310a       0x4e ./sd/sd.o
                0x0800310a                sd_t::EnableWideBusOperation(unsigned long)
 .text._ZN4sd_t9InitCardsEv
                0x08003158       0xb6 ./sd/sd.o
                0x08003158                sd_t::InitCards()
 .text._ZN4sd_t7PowerOnEv
                0x0800320e       0x96 ./sd/sd.o
                0x0800320e                sd_t::PowerOn()
 .text._ZN4sd_t4InitEv
                0x080032a4       0x76 ./sd/sd.o
                0x080032a4                sd_t::Init()
 *fill*         0x0800331a        0x2 00
 .text._ZN4sd_t9ReadBlockEPhmt
                0x0800331c       0xb8 ./sd/sd.o
                0x0800331c                sd_t::ReadBlock(unsigned char*, unsigned long, unsigned short)
 .text.disk_read
                0x080033d4       0x60 ./sd/sd.o
                0x080033d4                disk_read
 .text.disk_status
                0x08003434       0x14 ./sd/sd.o
                0x08003434                disk_status
 .text.disk_initialize
                0x08003448       0x3c ./sd/sd.o
                0x08003448                disk_initialize
 .text.Reset_Handler
                0x08003484       0x44 ./lib/startup/startup_stm32f10x_hd.o
                0x08003484                Reset_Handler
 .text.Default_Handler
                0x080034c8        0x2 ./lib/startup/startup_stm32f10x_hd.o
                0x080034c8                EXTI2_IRQHandler
                0x080034c8                TIM8_TRG_COM_IRQHandler
                0x080034c8                TIM8_CC_IRQHandler
                0x080034c8                DebugMon_Handler
                0x080034c8                TIM1_CC_IRQHandler
                0x080034c8                HardFault_Handler
                0x080034c8                TIM6_IRQHandler
                0x080034c8                SysTick_Handler
                0x080034c8                PVD_IRQHandler
                0x080034c8                SDIO_IRQHandler
                0x080034c8                PendSV_Handler
                0x080034c8                NMI_Handler
                0x080034c8                EXTI3_IRQHandler
                0x080034c8                EXTI0_IRQHandler
                0x080034c8                I2C2_EV_IRQHandler
                0x080034c8                UsageFault_Handler
                0x080034c8                ADC1_2_IRQHandler
                0x080034c8                SPI1_IRQHandler
                0x080034c8                TAMPER_IRQHandler
                0x080034c8                TIM8_UP_IRQHandler
                0x080034c8                DMA2_Channel2_IRQHandler
                0x080034c8                DMA1_Channel4_IRQHandler
                0x080034c8                USART3_IRQHandler
                0x080034c8                RTC_IRQHandler
                0x080034c8                DMA1_Channel7_IRQHandler
                0x080034c8                CAN1_RX1_IRQHandler
                0x080034c8                UART5_IRQHandler
                0x080034c8                ADC3_IRQHandler
                0x080034c8                TIM4_IRQHandler
                0x080034c8                DMA2_Channel1_IRQHandler
                0x080034c8                I2C1_EV_IRQHandler
                0x080034c8                DMA1_Channel6_IRQHandler
                0x080034c8                UART4_IRQHandler
                0x080034c8                TIM3_IRQHandler
                0x080034c8                RCC_IRQHandler
                0x080034c8                TIM1_TRG_COM_IRQHandler
                0x080034c8                DMA1_Channel1_IRQHandler
                0x080034c8                Default_Handler
                0x080034c8                EXTI15_10_IRQHandler
                0x080034c8                TIM7_IRQHandler
                0x080034c8                TIM5_IRQHandler
                0x080034c8                EXTI9_5_IRQHandler
                0x080034c8                SPI2_IRQHandler
                0x080034c8                MemManage_Handler
                0x080034c8                SVC_Handler
                0x080034c8                DMA1_Channel5_IRQHandler
                0x080034c8                EXTI4_IRQHandler
                0x080034c8                USB_LP_CAN1_RX0_IRQHandler
                0x080034c8                USB_HP_CAN1_TX_IRQHandler
                0x080034c8                DMA1_Channel3_IRQHandler
                0x080034c8                FSMC_IRQHandler
                0x080034c8                TIM1_UP_IRQHandler
                0x080034c8                WWDG_IRQHandler
                0x080034c8                TIM1_BRK_IRQHandler
                0x080034c8                EXTI1_IRQHandler
                0x080034c8                RTCAlarm_IRQHandler
                0x080034c8                DMA2_Channel4_5_IRQHandler
                0x080034c8                USART2_IRQHandler
                0x080034c8                I2C2_ER_IRQHandler
                0x080034c8                DMA1_Channel2_IRQHandler
                0x080034c8                TIM8_BRK_IRQHandler
                0x080034c8                CAN1_SCE_IRQHandler
                0x080034c8                FLASH_IRQHandler
                0x080034c8                BusFault_Handler
                0x080034c8                USART1_IRQHandler
                0x080034c8                SPI3_IRQHandler
                0x080034c8                I2C1_ER_IRQHandler
                0x080034c8                USBWakeUp_IRQHandler
                0x080034c8                DMA2_Channel3_IRQHandler
 *fill*         0x080034ca        0x2 00
 .text.NVIC_PriorityGroupConfig
                0x080034cc       0x14 ./lib/src/misc.o
                0x080034cc                NVIC_PriorityGroupConfig
 .text.NVIC_Init
                0x080034e0       0x60 ./lib/src/misc.o
                0x080034e0                NVIC_Init
 .text.DMA_DeInit
                0x08003540       0xfc ./lib/src/stm32f10x_dma.o
                0x08003540                DMA_DeInit
 .text.DMA_Init
                0x0800363c       0x3c ./lib/src/stm32f10x_dma.o
                0x0800363c                DMA_Init
 .text.DMA_Cmd  0x08003678       0x16 ./lib/src/stm32f10x_dma.o
                0x08003678                DMA_Cmd
 *fill*         0x0800368e        0x2 00
 .text.DMA_GetFlagStatus
                0x08003690       0x1c ./lib/src/stm32f10x_dma.o
                0x08003690                DMA_GetFlagStatus
 .text.DMA_ClearFlag
                0x080036ac       0x14 ./lib/src/stm32f10x_dma.o
                0x080036ac                DMA_ClearFlag
 .text.GPIO_Init
                0x080036c0       0xaa ./lib/src/stm32f10x_gpio.o
                0x080036c0                GPIO_Init
 .text.GPIO_ReadInputDataBit
                0x0800376a        0xc ./lib/src/stm32f10x_gpio.o
                0x0800376a                GPIO_ReadInputDataBit
 .text.GPIO_ResetBits
                0x08003776        0x4 ./lib/src/stm32f10x_gpio.o
                0x08003776                GPIO_ResetBits
 *fill*         0x0800377a        0x2 00
 .text.GPIO_PinRemapConfig
                0x0800377c       0x64 ./lib/src/stm32f10x_gpio.o
                0x0800377c                GPIO_PinRemapConfig
 .text.I2C_DeInit
                0x080037e0       0x34 ./lib/src/stm32f10x_i2c.o
                0x080037e0                I2C_DeInit
 .text.I2C_Init
                0x08003814       0xd0 ./lib/src/stm32f10x_i2c.o
                0x08003814                I2C_Init
 .text.I2C_Cmd  0x080038e4       0x18 ./lib/src/stm32f10x_i2c.o
                0x080038e4                I2C_Cmd
 .text.I2C_DMACmd
                0x080038fc       0x18 ./lib/src/stm32f10x_i2c.o
                0x080038fc                I2C_DMACmd
 .text.I2C_DMALastTransferCmd
                0x08003914       0x18 ./lib/src/stm32f10x_i2c.o
                0x08003914                I2C_DMALastTransferCmd
 .text.I2C_GenerateSTART
                0x0800392c       0x18 ./lib/src/stm32f10x_i2c.o
                0x0800392c                I2C_GenerateSTART
 .text.I2C_GenerateSTOP
                0x08003944       0x18 ./lib/src/stm32f10x_i2c.o
                0x08003944                I2C_GenerateSTOP
 .text.I2C_AcknowledgeConfig
                0x0800395c       0x18 ./lib/src/stm32f10x_i2c.o
                0x0800395c                I2C_AcknowledgeConfig
 .text.I2C_SendData
                0x08003974        0x4 ./lib/src/stm32f10x_i2c.o
                0x08003974                I2C_SendData
 .text.I2C_ReceiveData
                0x08003978        0x6 ./lib/src/stm32f10x_i2c.o
                0x08003978                I2C_ReceiveData
 .text.I2C_Send7bitAddress
                0x0800397e       0x10 ./lib/src/stm32f10x_i2c.o
                0x0800397e                I2C_Send7bitAddress
 .text.I2C_CheckEvent
                0x0800398e       0x1a ./lib/src/stm32f10x_i2c.o
                0x0800398e                I2C_CheckEvent
 .text.I2C_GetLastEvent
                0x080039a8       0x10 ./lib/src/stm32f10x_i2c.o
                0x080039a8                I2C_GetLastEvent
 .text.I2C_GetFlagStatus
                0x080039b8       0x34 ./lib/src/stm32f10x_i2c.o
                0x080039b8                I2C_GetFlagStatus
 .text.RCC_GetClocksFreq
                0x080039ec       0x8c ./lib/src/stm32f10x_rcc.o
                0x080039ec                RCC_GetClocksFreq
 .text.RCC_AHBPeriphClockCmd
                0x08003a78       0x18 ./lib/src/stm32f10x_rcc.o
                0x08003a78                RCC_AHBPeriphClockCmd
 .text.RCC_APB2PeriphClockCmd
                0x08003a90       0x18 ./lib/src/stm32f10x_rcc.o
                0x08003a90                RCC_APB2PeriphClockCmd
 .text.RCC_APB1PeriphClockCmd
                0x08003aa8       0x18 ./lib/src/stm32f10x_rcc.o
                0x08003aa8                RCC_APB1PeriphClockCmd
 .text.RCC_APB1PeriphResetCmd
                0x08003ac0       0x18 ./lib/src/stm32f10x_rcc.o
                0x08003ac0                RCC_APB1PeriphResetCmd
 .text.SDIO_DeInit
                0x08003ad8       0x24 ./lib/src/stm32f10x_sdio.o
                0x08003ad8                SDIO_DeInit
 .text.SDIO_Init
                0x08003afc       0x30 ./lib/src/stm32f10x_sdio.o
                0x08003afc                SDIO_Init
 .text.SDIO_ClockCmd
                0x08003b2c        0xc ./lib/src/stm32f10x_sdio.o
                0x08003b2c                SDIO_ClockCmd
 .text.SDIO_SetPowerState
                0x08003b38       0x18 ./lib/src/stm32f10x_sdio.o
                0x08003b38                SDIO_SetPowerState
 .text.SDIO_GetPowerState
                0x08003b50       0x10 ./lib/src/stm32f10x_sdio.o
                0x08003b50                SDIO_GetPowerState
 .text.SDIO_DMACmd
                0x08003b60        0xc ./lib/src/stm32f10x_sdio.o
                0x08003b60                SDIO_DMACmd
 .text.SDIO_SendCommand
                0x08003b6c       0x2c ./lib/src/stm32f10x_sdio.o
                0x08003b6c                SDIO_SendCommand
 .text.SDIO_GetCommandResponse
                0x08003b98        0xc ./lib/src/stm32f10x_sdio.o
                0x08003b98                SDIO_GetCommandResponse
 .text.SDIO_GetResponse
                0x08003ba4       0x18 ./lib/src/stm32f10x_sdio.o
                0x08003ba4                SDIO_GetResponse
 .text.SDIO_DataConfig
                0x08003bbc       0x2c ./lib/src/stm32f10x_sdio.o
                0x08003bbc                SDIO_DataConfig
 .text.SDIO_ReadData
                0x08003be8        0xc ./lib/src/stm32f10x_sdio.o
                0x08003be8                SDIO_ReadData
 .text.SDIO_GetFlagStatus
                0x08003bf4       0x14 ./lib/src/stm32f10x_sdio.o
                0x08003bf4                SDIO_GetFlagStatus
 .text.SDIO_ClearFlag
                0x08003c08        0xc ./lib/src/stm32f10x_sdio.o
                0x08003c08                SDIO_ClearFlag
 .text.SPI_Init
                0x08003c14       0x3e ./lib/src/stm32f10x_spi.o
                0x08003c14                SPI_Init
 .text.SPI_Cmd  0x08003c52       0x18 ./lib/src/stm32f10x_spi.o
                0x08003c52                SPI_Cmd
 *fill*         0x08003c6a        0x2 00
 .text.TIM_TimeBaseInit
                0x08003c6c       0xd4 ./lib/src/stm32f10x_tim.o
                0x08003c6c                TIM_TimeBaseInit
 .text.TIM_Cmd  0x08003d40       0x18 ./lib/src/stm32f10x_tim.o
                0x08003d40                TIM_Cmd
 .text.TIM_ITConfig
                0x08003d58       0x12 ./lib/src/stm32f10x_tim.o
                0x08003d58                TIM_ITConfig
 .text.TIM_ClearFlag
                0x08003d6a        0x8 ./lib/src/stm32f10x_tim.o
                0x08003d6a                TIM_ClearFlag
 .text.TIM_ClearITPendingBit
                0x08003d72        0x8 ./lib/src/stm32f10x_tim.o
                0x08003d72                TIM_ClearITPendingBit
 *fill*         0x08003d7a        0x2 00
 .text.USART_Init
                0x08003d7c       0xb0 ./lib/src/stm32f10x_usart.o
                0x08003d7c                USART_Init
 .text.USART_Cmd
                0x08003e2c       0x18 ./lib/src/stm32f10x_usart.o
                0x08003e2c                USART_Cmd
 .text.USART_SendData
                0x08003e44        0x8 ./lib/src/stm32f10x_usart.o
                0x08003e44                USART_SendData
 .text.USART_GetFlagStatus
                0x08003e4c        0xc ./lib/src/stm32f10x_usart.o
                0x08003e4c                USART_GetFlagStatus
 .text.SystemInit
                0x08003e58       0x4c ./lib/system_stm32f10x.o
                0x08003e58                SystemInit
 *(.rodata)
 .rodata        0x08003ea4       0x24 ./src/kl_util.o
 .rodata        0x08003ec8      0x104 c:/yagarto/bin/../lib/gcc/arm-none-eabi/4.6.2/../../../../arm-none-eabi/lib/thumb/v7m\libc.a(lib_a-ctype_.o)
                0x08003ec8                _ctype_
 *(.rodata*)
 .rodata.str1.1
                0x08003fcc      0x12f ./src/i2c_mgr.o
 *fill*         0x080040fb        0x1 00
 .rodata._ZL8KeybOuts
                0x080040fc        0xc ./src/keys.o
 .rodata.str1.1
                0x08004108        0xa ./src/leds_pca.o
 .rodata.str1.1
                0x08004112       0xd3 ./src/main.o
                                 0xdd (size before relaxing)
 .rodata.str1.1
                0x080041e5       0x5c ./src/media.o
 .rodata.str1.1
                0x08004241        0xc ./src/vs.o
 .rodata.excvt.1614
                0x0800424d       0x80 ./sd/ff.o
 .rodata.str1.1
                0x080042cd        0xf ./sd/ff.o
 .rodata.str1.1
                0x080042dc       0x15 ./sd/kl_ini.o
                                 0x33 (size before relaxing)
 .rodata.str1.1
                0x080042f1       0x25 ./sd/sd.o
 *fill*         0x08004316        0x2 00
 .rodata.str1.4
                0x08004318        0x4 c:/yagarto/bin/../lib/gcc/arm-none-eabi/4.6.2/../../../../arm-none-eabi/lib/thumb/v7m\libc.a(lib_a-impure.o)
 *(.glue_7)
 .glue_7        0x00000000        0x0 linker stubs
 *(.glue_7t)
 .glue_7t       0x00000000        0x0 linker stubs
 *(.eh_frame)
 .eh_frame      0x0800431c        0x0 c:/yagarto/bin/../lib/gcc/arm-none-eabi/4.6.2/thumb/v7m/crtbegin.o
 *(.init)
 .init          0x0800431c        0x4 c:/yagarto/bin/../lib/gcc/arm-none-eabi/4.6.2/thumb/v7m/crti.o
                0x0800431c                _init
 .init          0x08004320        0x8 c:/yagarto/bin/../lib/gcc/arm-none-eabi/4.6.2/thumb/v7m/crtn.o
 *(.fini)
 .fini          0x08004328        0x4 c:/yagarto/bin/../lib/gcc/arm-none-eabi/4.6.2/thumb/v7m/crti.o
                0x08004328                _fini
 .fini          0x0800432c        0x8 c:/yagarto/bin/../lib/gcc/arm-none-eabi/4.6.2/thumb/v7m/crtn.o
                0x08004334                . = ALIGN (0x4)
                0x08004334                _etext = .

.vfp11_veneer   0x08004334        0x0
 .vfp11_veneer  0x00000000        0x0 linker stubs

.v4_bx          0x08004334        0x0
 .v4_bx         0x00000000        0x0 linker stubs

.ARM.extab
 *(.ARM.extab* .gnu.linkonce.armextab.*)

.ARM            0x08004334        0x0
                0x08004334                __exidx_start = .
 *(.ARM.exidx*)
                0x08004334                __exidx_end = .

.preinit_array  0x08004334        0x0
                0x08004334                PROVIDE (__preinit_array_start, .)
 *(.preinit_array*)
                0x08004334                PROVIDE (__preinit_array_end, .)

.init_array     0x08004334        0x4
                0x08004334                PROVIDE (__init_array_start, .)
 *(SORT(.init_array.*))
 *(.init_array*)
 .init_array    0x08004334        0x4 c:/yagarto/bin/../lib/gcc/arm-none-eabi/4.6.2/thumb/v7m/crtbegin.o
                0x08004338                PROVIDE (__init_array_end, .)

.fini_array     0x08004338        0x4
                0x08004338                PROVIDE (__fini_array_start, .)
 *(.fini_array*)
 .fini_array    0x08004338        0x4 c:/yagarto/bin/../lib/gcc/arm-none-eabi/4.6.2/thumb/v7m/crtbegin.o
 *(SORT(.fini_array.*))
                0x0800433c                PROVIDE (__fini_array_end, .)
                0x0800433c                _sidata = .

.data           0x20000000      0x44c load address 0x0800433c
                0x20000000                . = ALIGN (0x4)
                0x20000000                _sdata = .
 *(.data)
 .data          0x20000000      0x430 c:/yagarto/bin/../lib/gcc/arm-none-eabi/4.6.2/../../../../arm-none-eabi/lib/thumb/v7m\libc.a(lib_a-impure.o)
                0x20000000                _impure_ptr
 .data          0x20000430        0x4 c:/yagarto/bin/../lib/gcc/arm-none-eabi/4.6.2/../../../../arm-none-eabi/lib/thumb/v7m\libc.a(lib_a-ctype_.o)
                0x20000430                __ctype_ptr__
 *(.data*)
 .data.ADCPrescTable
                0x20000434        0x4 ./lib/src/stm32f10x_rcc.o
 .data.APBAHBPrescTable
                0x20000438       0x10 ./lib/src/stm32f10x_rcc.o
 .data.SystemCoreClock
                0x20000448        0x4 ./lib/system_stm32f10x.o
                0x20000448                SystemCoreClock
                0x2000044c                . = ALIGN (0x4)
                0x2000044c                _edata = .

.jcr            0x2000044c        0x0 load address 0x08004788
 .jcr           0x2000044c        0x0 c:/yagarto/bin/../lib/gcc/arm-none-eabi/4.6.2/thumb/v7m/crtbegin.o
                0x2000044c                . = ALIGN (0x4)

.bss            0x2000044c      0xca8 load address 0x08004788
                0x2000044c                _sbss = .
                0x2000044c                __bss_start__ = _sbss
 *(.bss)
 .bss           0x2000044c       0x1c c:/yagarto/bin/../lib/gcc/arm-none-eabi/4.6.2/thumb/v7m/crtbegin.o
 *(.bss*)
 .bss.Delay     0x20000468        0x4 ./src/delay_util.o
                0x20000468                Delay
 .bss.i2cMgr    0x2000046c       0xc4 ./src/i2c_mgr.o
                0x2000046c                i2cMgr
 .bss.Keys      0x20000530       0x10 ./src/keys.o
                0x20000530                Keys
 .bss.Leds      0x20000540       0x60 ./src/leds_pca.o
                0x20000540                Leds
 .bss.Codecheck
                0x200005a0       0x10 ./src/main.o
                0x200005a0                Codecheck
 .bss.Door      0x200005b0        0x8 ./src/main.o
                0x200005b0                Door
 .bss.Settings  0x200005b8       0x6c ./src/main.o
                0x200005b8                Settings
 .bss.ESnd      0x20000624      0x630 ./src/media.o
                0x20000624                ESnd
 .bss.Vs        0x20000c54        0x2 ./src/vs.o
                0x20000c54                Vs
 .bss.Fsid      0x20000c56        0x2 ./sd/ff.o
 .bss.FatFs     0x20000c58        0x4 ./sd/ff.o
 .bss.IBuf      0x20000c5c      0x200 ./sd/kl_ini.o
                0x20000c5c                IBuf
 .bss.SD        0x20000e5c      0x298 ./sd/sd.o
                0x20000e5c                SD
 *(COMMON)
                0x200010f4                . = ALIGN (0x4)
                0x200010f4                _ebss = .
                0x200010f4                __bss_end__ = _ebss

._user_heap_stack
                0x200010f4      0x200 load address 0x08005430
                0x200010f4                . = ALIGN (0x4)
                0x200010f4                PROVIDE (end, .)
                0x200010f4                PROVIDE (_end, .)
                0x200010f4                . = (. + _Min_Heap_Size)
                0x200012f4                . = (. + _Min_Stack_Size)
 *fill*         0x200010f4      0x200 00
                0x200012f4                . = ALIGN (0x4)

.memory_b1_text
 *(.mb1text)
 *(.mb1text*)
 *(.mb1rodata)
 *(.mb1rodata*)

/DISCARD/
 libc.a(*)
 libm.a(*)
 libgcc.a(*)

.ARM.attributes
                0x00000000       0x25
 *(.ARM.attributes)
 .ARM.attributes
                0x00000000       0x1d c:/yagarto/bin/../lib/gcc/arm-none-eabi/4.6.2/thumb/v7m/crti.o
 .ARM.attributes
                0x0000001d       0x2b c:/yagarto/bin/../lib/gcc/arm-none-eabi/4.6.2/thumb/v7m/crtbegin.o
 .ARM.attributes
                0x00000048       0x1b c:/yagarto/bin/../lib/gcc/arm-none-eabi/4.6.2/../../../../arm-none-eabi/lib/thumb/v7m/crt0.o
 .ARM.attributes
                0x00000063       0x31 ./src/delay_util.o
 .ARM.attributes
                0x00000094       0x31 ./src/i2c_mgr.o
 .ARM.attributes
                0x000000c5       0x31 ./src/keys.o
 .ARM.attributes
                0x000000f6       0x31 ./src/kl_util.o
 .ARM.attributes
                0x00000127       0x31 ./src/leds_pca.o
 .ARM.attributes
                0x00000158       0x31 ./src/main.o
 .ARM.attributes
                0x00000189       0x31 ./src/media.o
 .ARM.attributes
                0x000001ba       0x31 ./src/sensors.o
 .ARM.attributes
                0x000001eb       0x31 ./src/vs.o
 .ARM.attributes
                0x0000021c       0x31 ./sd/ff.o
 .ARM.attributes
                0x0000024d       0x31 ./sd/kl_ini.o
 .ARM.attributes
                0x0000027e       0x31 ./sd/sd.o
 .ARM.attributes
                0x000002af       0x21 ./lib/startup/startup_stm32f10x_hd.o
 .ARM.attributes
                0x000002d0       0x31 ./lib/src/misc.o
 .ARM.attributes
                0x00000301       0x31 ./lib/src/stm32f10x_adc.o
 .ARM.attributes
                0x00000332       0x31 ./lib/src/stm32f10x_dma.o
 .ARM.attributes
                0x00000363       0x31 ./lib/src/stm32f10x_gpio.o
 .ARM.attributes
                0x00000394       0x31 ./lib/src/stm32f10x_i2c.o
 .ARM.attributes
                0x000003c5       0x31 ./lib/src/stm32f10x_rcc.o
 .ARM.attributes
                0x000003f6       0x31 ./lib/src/stm32f10x_sdio.o
 .ARM.attributes
                0x00000427       0x31 ./lib/src/stm32f10x_spi.o
 .ARM.attributes
                0x00000458       0x31 ./lib/src/stm32f10x_tim.o
 .ARM.attributes
                0x00000489       0x31 ./lib/src/stm32f10x_usart.o
 .ARM.attributes
                0x000004ba       0x31 ./lib/CoreSupport/core_cm3.o
 .ARM.attributes
                0x000004eb       0x31 ./lib/system_stm32f10x.o
 .ARM.attributes
                0x0000051c       0x2b c:/yagarto/bin/../lib/gcc/arm-none-eabi/4.6.2/../../../../arm-none-eabi/lib/thumb/v7m\libc.a(lib_a-atexit.o)
 .ARM.attributes
                0x00000547       0x2b c:/yagarto/bin/../lib/gcc/arm-none-eabi/4.6.2/../../../../arm-none-eabi/lib/thumb/v7m\libc.a(lib_a-exit.o)
 .ARM.attributes
                0x00000572       0x2b c:/yagarto/bin/../lib/gcc/arm-none-eabi/4.6.2/../../../../arm-none-eabi/lib/thumb/v7m\libc.a(lib_a-fini.o)
 .ARM.attributes
                0x0000059d       0x2b c:/yagarto/bin/../lib/gcc/arm-none-eabi/4.6.2/../../../../arm-none-eabi/lib/thumb/v7m\libc.a(lib_a-impure.o)
 .ARM.attributes
                0x000005c8       0x2b c:/yagarto/bin/../lib/gcc/arm-none-eabi/4.6.2/../../../../arm-none-eabi/lib/thumb/v7m\libc.a(lib_a-init.o)
 .ARM.attributes
                0x000005f3       0x2b c:/yagarto/bin/../lib/gcc/arm-none-eabi/4.6.2/../../../../arm-none-eabi/lib/thumb/v7m\libc.a(lib_a-memcpy.o)
 .ARM.attributes
                0x0000061e       0x2b c:/yagarto/bin/../lib/gcc/arm-none-eabi/4.6.2/../../../../arm-none-eabi/lib/thumb/v7m\libc.a(lib_a-memset.o)
 .ARM.attributes
                0x00000649       0x2b c:/yagarto/bin/../lib/gcc/arm-none-eabi/4.6.2/../../../../arm-none-eabi/lib/thumb/v7m\libc.a(lib_a-strchr.o)
 .ARM.attributes
                0x00000674       0x2b c:/yagarto/bin/../lib/gcc/arm-none-eabi/4.6.2/../../../../arm-none-eabi/lib/thumb/v7m\libc.a(lib_a-strcmp.o)
 .ARM.attributes
                0x0000069f       0x2b c:/yagarto/bin/../lib/gcc/arm-none-eabi/4.6.2/../../../../arm-none-eabi/lib/thumb/v7m\libc.a(lib_a-strcpy.o)
 .ARM.attributes
                0x000006ca       0x2b c:/yagarto/bin/../lib/gcc/arm-none-eabi/4.6.2/../../../../arm-none-eabi/lib/thumb/v7m\libc.a(lib_a-strlen.o)
 .ARM.attributes
                0x000006f5       0x2b c:/yagarto/bin/../lib/gcc/arm-none-eabi/4.6.2/../../../../arm-none-eabi/lib/thumb/v7m\libc.a(lib_a-strncasecmp.o)
 .ARM.attributes
                0x00000720       0x2b c:/yagarto/bin/../lib/gcc/arm-none-eabi/4.6.2/../../../../arm-none-eabi/lib/thumb/v7m\libc.a(lib_a-strtol.o)
 .ARM.attributes
                0x0000074b       0x2b c:/yagarto/bin/../lib/gcc/arm-none-eabi/4.6.2/../../../../arm-none-eabi/lib/thumb/v7m\libc.a(lib_a-__atexit.o)
 .ARM.attributes
                0x00000776       0x2b c:/yagarto/bin/../lib/gcc/arm-none-eabi/4.6.2/../../../../arm-none-eabi/lib/thumb/v7m\libc.a(lib_a-__call_atexit.o)
 .ARM.attributes
                0x000007a1       0x2b c:/yagarto/bin/../lib/gcc/arm-none-eabi/4.6.2/../../../../arm-none-eabi/lib/thumb/v7m\libc.a(lib_a-ctype_.o)
 .ARM.attributes
                0x000007cc       0x1d c:/yagarto/bin/../lib/gcc/arm-none-eabi/4.6.2/thumb/v7m\libgcc.a(_udivsi3.o)
 .ARM.attributes
                0x000007e9       0x1d c:/yagarto/bin/../lib/gcc/arm-none-eabi/4.6.2/thumb/v7m\libgcc.a(_dvmd_tls.o)
 .ARM.attributes
                0x00000806       0x2b c:/yagarto/bin/../lib/gcc/arm-none-eabi/4.6.2/thumb/v7m/crtend.o
 .ARM.attributes
                0x00000831       0x1d c:/yagarto/bin/../lib/gcc/arm-none-eabi/4.6.2/thumb/v7m/crtn.o
OUTPUT(AlienLock.elf elf32-littlearm)

.debug_line     0x00000000     0x14ac
 .debug_line    0x00000000       0x68 c:/yagarto/bin/../lib/gcc/arm-none-eabi/4.6.2/thumb/v7m/crti.o
 .debug_line    0x00000068       0x8a c:/yagarto/bin/../lib/gcc/arm-none-eabi/4.6.2/../../../../arm-none-eabi/lib/thumb/v7m/crt0.o
 .debug_line    0x000000f2       0xc5 c:/yagarto/bin/../lib/gcc/arm-none-eabi/4.6.2/../../../../arm-none-eabi/lib/thumb/v7m\libc.a(lib_a-atexit.o)
 .debug_line    0x000001b7      0x171 c:/yagarto/bin/../lib/gcc/arm-none-eabi/4.6.2/../../../../arm-none-eabi/lib/thumb/v7m\libc.a(lib_a-exit.o)
 .debug_line    0x00000328       0xd3 c:/yagarto/bin/../lib/gcc/arm-none-eabi/4.6.2/../../../../arm-none-eabi/lib/thumb/v7m\libc.a(lib_a-fini.o)
 .debug_line    0x000003fb      0x116 c:/yagarto/bin/../lib/gcc/arm-none-eabi/4.6.2/../../../../arm-none-eabi/lib/thumb/v7m\libc.a(lib_a-impure.o)
 .debug_line    0x00000511       0xf0 c:/yagarto/bin/../lib/gcc/arm-none-eabi/4.6.2/../../../../arm-none-eabi/lib/thumb/v7m\libc.a(lib_a-init.o)
 .debug_line    0x00000601      0x175 c:/yagarto/bin/../lib/gcc/arm-none-eabi/4.6.2/../../../../arm-none-eabi/lib/thumb/v7m\libc.a(lib_a-memcpy.o)
 .debug_line    0x00000776      0x183 c:/yagarto/bin/../lib/gcc/arm-none-eabi/4.6.2/../../../../arm-none-eabi/lib/thumb/v7m\libc.a(lib_a-memset.o)
 .debug_line    0x000008f9      0x113 c:/yagarto/bin/../lib/gcc/arm-none-eabi/4.6.2/../../../../arm-none-eabi/lib/thumb/v7m\libc.a(lib_a-strchr.o)
 .debug_line    0x00000a0c       0xca c:/yagarto/bin/../lib/gcc/arm-none-eabi/4.6.2/../../../../arm-none-eabi/lib/thumb/v7m\libc.a(lib_a-strcmp.o)
 .debug_line    0x00000ad6       0xbe c:/yagarto/bin/../lib/gcc/arm-none-eabi/4.6.2/../../../../arm-none-eabi/lib/thumb/v7m\libc.a(lib_a-strcpy.o)
 .debug_line    0x00000b94      0x117 c:/yagarto/bin/../lib/gcc/arm-none-eabi/4.6.2/../../../../arm-none-eabi/lib/thumb/v7m\libc.a(lib_a-strlen.o)
 .debug_line    0x00000cab      0x131 c:/yagarto/bin/../lib/gcc/arm-none-eabi/4.6.2/../../../../arm-none-eabi/lib/thumb/v7m\libc.a(lib_a-strncasecmp.o)
 .debug_line    0x00000ddc      0x1fc c:/yagarto/bin/../lib/gcc/arm-none-eabi/4.6.2/../../../../arm-none-eabi/lib/thumb/v7m\libc.a(lib_a-strtol.o)
 .debug_line    0x00000fd8      0x166 c:/yagarto/bin/../lib/gcc/arm-none-eabi/4.6.2/../../../../arm-none-eabi/lib/thumb/v7m\libc.a(lib_a-__atexit.o)
 .debug_line    0x0000113e      0x19c c:/yagarto/bin/../lib/gcc/arm-none-eabi/4.6.2/../../../../arm-none-eabi/lib/thumb/v7m\libc.a(lib_a-__call_atexit.o)
 .debug_line    0x000012da       0x63 c:/yagarto/bin/../lib/gcc/arm-none-eabi/4.6.2/../../../../arm-none-eabi/lib/thumb/v7m\libc.a(lib_a-ctype_.o)
 .debug_line    0x0000133d       0x93 c:/yagarto/bin/../lib/gcc/arm-none-eabi/4.6.2/thumb/v7m\libgcc.a(_udivsi3.o)
 .debug_line    0x000013d0       0x70 c:/yagarto/bin/../lib/gcc/arm-none-eabi/4.6.2/thumb/v7m\libgcc.a(_dvmd_tls.o)
 .debug_line    0x00001440       0x6c c:/yagarto/bin/../lib/gcc/arm-none-eabi/4.6.2/thumb/v7m/crtn.o

.debug_info     0x00000000     0x3eaa
 .debug_info    0x00000000       0x71 c:/yagarto/bin/../lib/gcc/arm-none-eabi/4.6.2/thumb/v7m/crti.o
 .debug_info    0x00000071       0xa5 c:/yagarto/bin/../lib/gcc/arm-none-eabi/4.6.2/../../../../arm-none-eabi/lib/thumb/v7m/crt0.o
 .debug_info    0x00000116       0xc1 c:/yagarto/bin/../lib/gcc/arm-none-eabi/4.6.2/../../../../arm-none-eabi/lib/thumb/v7m\libc.a(lib_a-atexit.o)
 .debug_info    0x000001d7      0x974 c:/yagarto/bin/../lib/gcc/arm-none-eabi/4.6.2/../../../../arm-none-eabi/lib/thumb/v7m\libc.a(lib_a-exit.o)
 .debug_info    0x00000b4b       0xfb c:/yagarto/bin/../lib/gcc/arm-none-eabi/4.6.2/../../../../arm-none-eabi/lib/thumb/v7m\libc.a(lib_a-fini.o)
 .debug_info    0x00000c46      0x966 c:/yagarto/bin/../lib/gcc/arm-none-eabi/4.6.2/../../../../arm-none-eabi/lib/thumb/v7m\libc.a(lib_a-impure.o)
 .debug_info    0x000015ac      0x12f c:/yagarto/bin/../lib/gcc/arm-none-eabi/4.6.2/../../../../arm-none-eabi/lib/thumb/v7m\libc.a(lib_a-init.o)
 .debug_info    0x000016db      0x130 c:/yagarto/bin/../lib/gcc/arm-none-eabi/4.6.2/../../../../arm-none-eabi/lib/thumb/v7m\libc.a(lib_a-memcpy.o)
 .debug_info    0x0000180b      0x116 c:/yagarto/bin/../lib/gcc/arm-none-eabi/4.6.2/../../../../arm-none-eabi/lib/thumb/v7m\libc.a(lib_a-memset.o)
 .debug_info    0x00001921      0x113 c:/yagarto/bin/../lib/gcc/arm-none-eabi/4.6.2/../../../../arm-none-eabi/lib/thumb/v7m\libc.a(lib_a-strchr.o)
 .debug_info    0x00001a34       0xe7 c:/yagarto/bin/../lib/gcc/arm-none-eabi/4.6.2/../../../../arm-none-eabi/lib/thumb/v7m\libc.a(lib_a-strcmp.o)
 .debug_info    0x00001b1b       0xb9 c:/yagarto/bin/../lib/gcc/arm-none-eabi/4.6.2/../../../../arm-none-eabi/lib/thumb/v7m\libc.a(lib_a-strcpy.o)
 .debug_info    0x00001bd4       0xb1 c:/yagarto/bin/../lib/gcc/arm-none-eabi/4.6.2/../../../../arm-none-eabi/lib/thumb/v7m\libc.a(lib_a-strlen.o)
 .debug_info    0x00001c85      0x175 c:/yagarto/bin/../lib/gcc/arm-none-eabi/4.6.2/../../../../arm-none-eabi/lib/thumb/v7m\libc.a(lib_a-strncasecmp.o)
 .debug_info    0x00001dfa      0xa79 c:/yagarto/bin/../lib/gcc/arm-none-eabi/4.6.2/../../../../arm-none-eabi/lib/thumb/v7m\libc.a(lib_a-strtol.o)
 .debug_info    0x00002873      0x9ef c:/yagarto/bin/../lib/gcc/arm-none-eabi/4.6.2/../../../../arm-none-eabi/lib/thumb/v7m\libc.a(lib_a-__atexit.o)
 .debug_info    0x00003262      0x9fc c:/yagarto/bin/../lib/gcc/arm-none-eabi/4.6.2/../../../../arm-none-eabi/lib/thumb/v7m\libc.a(lib_a-__call_atexit.o)
 .debug_info    0x00003c5e       0x8b c:/yagarto/bin/../lib/gcc/arm-none-eabi/4.6.2/../../../../arm-none-eabi/lib/thumb/v7m\libc.a(lib_a-ctype_.o)
 .debug_info    0x00003ce9       0xa8 c:/yagarto/bin/../lib/gcc/arm-none-eabi/4.6.2/thumb/v7m\libgcc.a(_udivsi3.o)
 .debug_info    0x00003d91       0xa8 c:/yagarto/bin/../lib/gcc/arm-none-eabi/4.6.2/thumb/v7m\libgcc.a(_dvmd_tls.o)
 .debug_info    0x00003e39       0x71 c:/yagarto/bin/../lib/gcc/arm-none-eabi/4.6.2/thumb/v7m/crtn.o

.debug_abbrev   0x00000000      0xe56
 .debug_abbrev  0x00000000       0x12 c:/yagarto/bin/../lib/gcc/arm-none-eabi/4.6.2/thumb/v7m/crti.o
 .debug_abbrev  0x00000012       0x14 c:/yagarto/bin/../lib/gcc/arm-none-eabi/4.6.2/../../../../arm-none-eabi/lib/thumb/v7m/crt0.o
 .debug_abbrev  0x00000026       0x78 c:/yagarto/bin/../lib/gcc/arm-none-eabi/4.6.2/../../../../arm-none-eabi/lib/thumb/v7m\libc.a(lib_a-atexit.o)
 .debug_abbrev  0x0000009e      0x17d c:/yagarto/bin/../lib/gcc/arm-none-eabi/4.6.2/../../../../arm-none-eabi/lib/thumb/v7m\libc.a(lib_a-exit.o)
 .debug_abbrev  0x0000021b       0x9b c:/yagarto/bin/../lib/gcc/arm-none-eabi/4.6.2/../../../../arm-none-eabi/lib/thumb/v7m\libc.a(lib_a-fini.o)
 .debug_abbrev  0x000002b6      0x166 c:/yagarto/bin/../lib/gcc/arm-none-eabi/4.6.2/../../../../arm-none-eabi/lib/thumb/v7m\libc.a(lib_a-impure.o)
 .debug_abbrev  0x0000041c       0x9b c:/yagarto/bin/../lib/gcc/arm-none-eabi/4.6.2/../../../../arm-none-eabi/lib/thumb/v7m\libc.a(lib_a-init.o)
 .debug_abbrev  0x000004b7       0x99 c:/yagarto/bin/../lib/gcc/arm-none-eabi/4.6.2/../../../../arm-none-eabi/lib/thumb/v7m\libc.a(lib_a-memcpy.o)
 .debug_abbrev  0x00000550       0x8d c:/yagarto/bin/../lib/gcc/arm-none-eabi/4.6.2/../../../../arm-none-eabi/lib/thumb/v7m\libc.a(lib_a-memset.o)
 .debug_abbrev  0x000005dd       0x80 c:/yagarto/bin/../lib/gcc/arm-none-eabi/4.6.2/../../../../arm-none-eabi/lib/thumb/v7m\libc.a(lib_a-strchr.o)
 .debug_abbrev  0x0000065d       0x86 c:/yagarto/bin/../lib/gcc/arm-none-eabi/4.6.2/../../../../arm-none-eabi/lib/thumb/v7m\libc.a(lib_a-strcmp.o)
 .debug_abbrev  0x000006e3       0x6f c:/yagarto/bin/../lib/gcc/arm-none-eabi/4.6.2/../../../../arm-none-eabi/lib/thumb/v7m\libc.a(lib_a-strcpy.o)
 .debug_abbrev  0x00000752       0x6d c:/yagarto/bin/../lib/gcc/arm-none-eabi/4.6.2/../../../../arm-none-eabi/lib/thumb/v7m\libc.a(lib_a-strlen.o)
 .debug_abbrev  0x000007bf       0xae c:/yagarto/bin/../lib/gcc/arm-none-eabi/4.6.2/../../../../arm-none-eabi/lib/thumb/v7m\libc.a(lib_a-strncasecmp.o)
 .debug_abbrev  0x0000086d      0x1bd c:/yagarto/bin/../lib/gcc/arm-none-eabi/4.6.2/../../../../arm-none-eabi/lib/thumb/v7m\libc.a(lib_a-strtol.o)
 .debug_abbrev  0x00000a2a      0x1d3 c:/yagarto/bin/../lib/gcc/arm-none-eabi/4.6.2/../../../../arm-none-eabi/lib/thumb/v7m\libc.a(lib_a-__atexit.o)
 .debug_abbrev  0x00000bfd      0x1bc c:/yagarto/bin/../lib/gcc/arm-none-eabi/4.6.2/../../../../arm-none-eabi/lib/thumb/v7m\libc.a(lib_a-__call_atexit.o)
 .debug_abbrev  0x00000db9       0x63 c:/yagarto/bin/../lib/gcc/arm-none-eabi/4.6.2/../../../../arm-none-eabi/lib/thumb/v7m\libc.a(lib_a-ctype_.o)
 .debug_abbrev  0x00000e1c       0x14 c:/yagarto/bin/../lib/gcc/arm-none-eabi/4.6.2/thumb/v7m\libgcc.a(_udivsi3.o)
 .debug_abbrev  0x00000e30       0x14 c:/yagarto/bin/../lib/gcc/arm-none-eabi/4.6.2/thumb/v7m\libgcc.a(_dvmd_tls.o)
 .debug_abbrev  0x00000e44       0x12 c:/yagarto/bin/../lib/gcc/arm-none-eabi/4.6.2/thumb/v7m/crtn.o

.debug_aranges  0x00000000      0x270
 .debug_aranges
                0x00000000       0x28 c:/yagarto/bin/../lib/gcc/arm-none-eabi/4.6.2/thumb/v7m/crti.o
 .debug_aranges
                0x00000028       0x20 c:/yagarto/bin/../lib/gcc/arm-none-eabi/4.6.2/../../../../arm-none-eabi/lib/thumb/v7m/crt0.o
 .debug_aranges
                0x00000048       0x20 c:/yagarto/bin/../lib/gcc/arm-none-eabi/4.6.2/../../../../arm-none-eabi/lib/thumb/v7m\libc.a(lib_a-atexit.o)
 .debug_aranges
                0x00000068       0x20 c:/yagarto/bin/../lib/gcc/arm-none-eabi/4.6.2/../../../../arm-none-eabi/lib/thumb/v7m\libc.a(lib_a-exit.o)
 .debug_aranges
                0x00000088       0x20 c:/yagarto/bin/../lib/gcc/arm-none-eabi/4.6.2/../../../../arm-none-eabi/lib/thumb/v7m\libc.a(lib_a-fini.o)
 .debug_aranges
                0x000000a8       0x20 c:/yagarto/bin/../lib/gcc/arm-none-eabi/4.6.2/../../../../arm-none-eabi/lib/thumb/v7m\libc.a(lib_a-init.o)
 .debug_aranges
                0x000000c8       0x20 c:/yagarto/bin/../lib/gcc/arm-none-eabi/4.6.2/../../../../arm-none-eabi/lib/thumb/v7m\libc.a(lib_a-memcpy.o)
 .debug_aranges
                0x000000e8       0x20 c:/yagarto/bin/../lib/gcc/arm-none-eabi/4.6.2/../../../../arm-none-eabi/lib/thumb/v7m\libc.a(lib_a-memset.o)
 .debug_aranges
                0x00000108       0x20 c:/yagarto/bin/../lib/gcc/arm-none-eabi/4.6.2/../../../../arm-none-eabi/lib/thumb/v7m\libc.a(lib_a-strchr.o)
 .debug_aranges
                0x00000128       0x20 c:/yagarto/bin/../lib/gcc/arm-none-eabi/4.6.2/../../../../arm-none-eabi/lib/thumb/v7m\libc.a(lib_a-strcmp.o)
 .debug_aranges
                0x00000148       0x20 c:/yagarto/bin/../lib/gcc/arm-none-eabi/4.6.2/../../../../arm-none-eabi/lib/thumb/v7m\libc.a(lib_a-strcpy.o)
 .debug_aranges
                0x00000168       0x20 c:/yagarto/bin/../lib/gcc/arm-none-eabi/4.6.2/../../../../arm-none-eabi/lib/thumb/v7m\libc.a(lib_a-strlen.o)
 .debug_aranges
                0x00000188       0x20 c:/yagarto/bin/../lib/gcc/arm-none-eabi/4.6.2/../../../../arm-none-eabi/lib/thumb/v7m\libc.a(lib_a-strncasecmp.o)
 .debug_aranges
                0x000001a8       0x20 c:/yagarto/bin/../lib/gcc/arm-none-eabi/4.6.2/../../../../arm-none-eabi/lib/thumb/v7m\libc.a(lib_a-strtol.o)
 .debug_aranges
                0x000001c8       0x20 c:/yagarto/bin/../lib/gcc/arm-none-eabi/4.6.2/../../../../arm-none-eabi/lib/thumb/v7m\libc.a(lib_a-__atexit.o)
 .debug_aranges
                0x000001e8       0x20 c:/yagarto/bin/../lib/gcc/arm-none-eabi/4.6.2/../../../../arm-none-eabi/lib/thumb/v7m\libc.a(lib_a-__call_atexit.o)
 .debug_aranges
                0x00000208       0x20 c:/yagarto/bin/../lib/gcc/arm-none-eabi/4.6.2/thumb/v7m\libgcc.a(_udivsi3.o)
 .debug_aranges
                0x00000228       0x20 c:/yagarto/bin/../lib/gcc/arm-none-eabi/4.6.2/thumb/v7m\libgcc.a(_dvmd_tls.o)
 .debug_aranges
                0x00000248       0x28 c:/yagarto/bin/../lib/gcc/arm-none-eabi/4.6.2/thumb/v7m/crtn.o

.debug_ranges   0x00000000       0xb8
 .debug_ranges  0x00000000       0x20 c:/yagarto/bin/../lib/gcc/arm-none-eabi/4.6.2/thumb/v7m/crti.o
 .debug_ranges  0x00000020       0x58 c:/yagarto/bin/../lib/gcc/arm-none-eabi/4.6.2/../../../../arm-none-eabi/lib/thumb/v7m\libc.a(lib_a-strncasecmp.o)
 .debug_ranges  0x00000078       0x20 c:/yagarto/bin/../lib/gcc/arm-none-eabi/4.6.2/../../../../arm-none-eabi/lib/thumb/v7m\libc.a(lib_a-__call_atexit.o)
 .debug_ranges  0x00000098       0x20 c:/yagarto/bin/../lib/gcc/arm-none-eabi/4.6.2/thumb/v7m/crtn.o

.comment        0x00000000       0x11
 .comment       0x00000000       0x11 c:/yagarto/bin/../lib/gcc/arm-none-eabi/4.6.2/thumb/v7m/crtbegin.o
                                 0x12 (size before relaxing)
 .comment       0x00000000       0x12 ./src/delay_util.o
 .comment       0x00000000       0x12 ./src/i2c_mgr.o
 .comment       0x00000000       0x12 ./src/keys.o
 .comment       0x00000000       0x12 ./src/kl_util.o
 .comment       0x00000000       0x12 ./src/leds_pca.o
 .comment       0x00000000       0x12 ./src/main.o
 .comment       0x00000000       0x12 ./src/media.o
 .comment       0x00000000       0x12 ./src/sensors.o
 .comment       0x00000000       0x12 ./src/vs.o
 .comment       0x00000000       0x12 ./sd/ff.o
 .comment       0x00000000       0x12 ./sd/kl_ini.o
 .comment       0x00000000       0x12 ./sd/sd.o
 .comment       0x00000000       0x12 ./lib/src/misc.o
 .comment       0x00000000       0x12 ./lib/src/stm32f10x_adc.o
 .comment       0x00000000       0x12 ./lib/src/stm32f10x_dma.o
 .comment       0x00000000       0x12 ./lib/src/stm32f10x_gpio.o
 .comment       0x00000000       0x12 ./lib/src/stm32f10x_i2c.o
 .comment       0x00000000       0x12 ./lib/src/stm32f10x_rcc.o
 .comment       0x00000000       0x12 ./lib/src/stm32f10x_sdio.o
 .comment       0x00000000       0x12 ./lib/src/stm32f10x_spi.o
 .comment       0x00000000       0x12 ./lib/src/stm32f10x_tim.o
 .comment       0x00000000       0x12 ./lib/src/stm32f10x_usart.o
 .comment       0x00000000       0x12 ./lib/CoreSupport/core_cm3.o
 .comment       0x00000000       0x12 ./lib/system_stm32f10x.o
 .comment       0x00000000       0x12 c:/yagarto/bin/../lib/gcc/arm-none-eabi/4.6.2/../../../../arm-none-eabi/lib/thumb/v7m\libc.a(lib_a-atexit.o)
 .comment       0x00000000       0x12 c:/yagarto/bin/../lib/gcc/arm-none-eabi/4.6.2/../../../../arm-none-eabi/lib/thumb/v7m\libc.a(lib_a-exit.o)
 .comment       0x00000000       0x12 c:/yagarto/bin/../lib/gcc/arm-none-eabi/4.6.2/../../../../arm-none-eabi/lib/thumb/v7m\libc.a(lib_a-fini.o)
 .comment       0x00000000       0x12 c:/yagarto/bin/../lib/gcc/arm-none-eabi/4.6.2/../../../../arm-none-eabi/lib/thumb/v7m\libc.a(lib_a-impure.o)
 .comment       0x00000000       0x12 c:/yagarto/bin/../lib/gcc/arm-none-eabi/4.6.2/../../../../arm-none-eabi/lib/thumb/v7m\libc.a(lib_a-init.o)
 .comment       0x00000000       0x12 c:/yagarto/bin/../lib/gcc/arm-none-eabi/4.6.2/../../../../arm-none-eabi/lib/thumb/v7m\libc.a(lib_a-memcpy.o)
 .comment       0x00000000       0x12 c:/yagarto/bin/../lib/gcc/arm-none-eabi/4.6.2/../../../../arm-none-eabi/lib/thumb/v7m\libc.a(lib_a-memset.o)
 .comment       0x00000000       0x12 c:/yagarto/bin/../lib/gcc/arm-none-eabi/4.6.2/../../../../arm-none-eabi/lib/thumb/v7m\libc.a(lib_a-strchr.o)
 .comment       0x00000000       0x12 c:/yagarto/bin/../lib/gcc/arm-none-eabi/4.6.2/../../../../arm-none-eabi/lib/thumb/v7m\libc.a(lib_a-strcmp.o)
 .comment       0x00000000       0x12 c:/yagarto/bin/../lib/gcc/arm-none-eabi/4.6.2/../../../../arm-none-eabi/lib/thumb/v7m\libc.a(lib_a-strcpy.o)
 .comment       0x00000000       0x12 c:/yagarto/bin/../lib/gcc/arm-none-eabi/4.6.2/../../../../arm-none-eabi/lib/thumb/v7m\libc.a(lib_a-strlen.o)
 .comment       0x00000000       0x12 c:/yagarto/bin/../lib/gcc/arm-none-eabi/4.6.2/../../../../arm-none-eabi/lib/thumb/v7m\libc.a(lib_a-strncasecmp.o)
 .comment       0x00000000       0x12 c:/yagarto/bin/../lib/gcc/arm-none-eabi/4.6.2/../../../../arm-none-eabi/lib/thumb/v7m\libc.a(lib_a-strtol.o)
 .comment       0x00000000       0x12 c:/yagarto/bin/../lib/gcc/arm-none-eabi/4.6.2/../../../../arm-none-eabi/lib/thumb/v7m\libc.a(lib_a-__atexit.o)
 .comment       0x00000000       0x12 c:/yagarto/bin/../lib/gcc/arm-none-eabi/4.6.2/../../../../arm-none-eabi/lib/thumb/v7m\libc.a(lib_a-__call_atexit.o)
 .comment       0x00000000       0x12 c:/yagarto/bin/../lib/gcc/arm-none-eabi/4.6.2/../../../../arm-none-eabi/lib/thumb/v7m\libc.a(lib_a-ctype_.o)
 .comment       0x00000000       0x12 c:/yagarto/bin/../lib/gcc/arm-none-eabi/4.6.2/thumb/v7m/crtend.o

.debug_loc      0x00000000      0xe53
 .debug_loc     0x00000000       0x1e c:/yagarto/bin/../lib/gcc/arm-none-eabi/4.6.2/../../../../arm-none-eabi/lib/thumb/v7m\libc.a(lib_a-atexit.o)
 .debug_loc     0x0000001e       0x3e c:/yagarto/bin/../lib/gcc/arm-none-eabi/4.6.2/../../../../arm-none-eabi/lib/thumb/v7m\libc.a(lib_a-exit.o)
 .debug_loc     0x0000005c       0x71 c:/yagarto/bin/../lib/gcc/arm-none-eabi/4.6.2/../../../../arm-none-eabi/lib/thumb/v7m\libc.a(lib_a-fini.o)
 .debug_loc     0x000000cd       0x7c c:/yagarto/bin/../lib/gcc/arm-none-eabi/4.6.2/../../../../arm-none-eabi/lib/thumb/v7m\libc.a(lib_a-init.o)
 .debug_loc     0x00000149      0x1cc c:/yagarto/bin/../lib/gcc/arm-none-eabi/4.6.2/../../../../arm-none-eabi/lib/thumb/v7m\libc.a(lib_a-memcpy.o)
 .debug_loc     0x00000315      0x1fb c:/yagarto/bin/../lib/gcc/arm-none-eabi/4.6.2/../../../../arm-none-eabi/lib/thumb/v7m\libc.a(lib_a-memset.o)
 .debug_loc     0x00000510      0x15b c:/yagarto/bin/../lib/gcc/arm-none-eabi/4.6.2/../../../../arm-none-eabi/lib/thumb/v7m\libc.a(lib_a-strchr.o)
 .debug_loc     0x0000066b       0x26 c:/yagarto/bin/../lib/gcc/arm-none-eabi/4.6.2/../../../../arm-none-eabi/lib/thumb/v7m\libc.a(lib_a-strcmp.o)
 .debug_loc     0x00000691       0x13 c:/yagarto/bin/../lib/gcc/arm-none-eabi/4.6.2/../../../../arm-none-eabi/lib/thumb/v7m\libc.a(lib_a-strcpy.o)
 .debug_loc     0x000006a4       0x13 c:/yagarto/bin/../lib/gcc/arm-none-eabi/4.6.2/../../../../arm-none-eabi/lib/thumb/v7m\libc.a(lib_a-strlen.o)
 .debug_loc     0x000006b7      0x19a c:/yagarto/bin/../lib/gcc/arm-none-eabi/4.6.2/../../../../arm-none-eabi/lib/thumb/v7m\libc.a(lib_a-strncasecmp.o)
 .debug_loc     0x00000851      0x339 c:/yagarto/bin/../lib/gcc/arm-none-eabi/4.6.2/../../../../arm-none-eabi/lib/thumb/v7m\libc.a(lib_a-strtol.o)
 .debug_loc     0x00000b8a      0x114 c:/yagarto/bin/../lib/gcc/arm-none-eabi/4.6.2/../../../../arm-none-eabi/lib/thumb/v7m\libc.a(lib_a-__atexit.o)
 .debug_loc     0x00000c9e      0x1b5 c:/yagarto/bin/../lib/gcc/arm-none-eabi/4.6.2/../../../../arm-none-eabi/lib/thumb/v7m\libc.a(lib_a-__call_atexit.o)

.debug_str      0x00000000      0xbe4
 .debug_str     0x00000000      0x11c c:/yagarto/bin/../lib/gcc/arm-none-eabi/4.6.2/../../../../arm-none-eabi/lib/thumb/v7m\libc.a(lib_a-atexit.o)
                                0x15c (size before relaxing)
 .debug_str     0x0000011c      0x3e3 c:/yagarto/bin/../lib/gcc/arm-none-eabi/4.6.2/../../../../arm-none-eabi/lib/thumb/v7m\libc.a(lib_a-exit.o)
                                0x4ef (size before relaxing)
 .debug_str     0x000004ff       0xc7 c:/yagarto/bin/../lib/gcc/arm-none-eabi/4.6.2/../../../../arm-none-eabi/lib/thumb/v7m\libc.a(lib_a-fini.o)
                                0x162 (size before relaxing)
 .debug_str     0x000005c6       0x9a c:/yagarto/bin/../lib/gcc/arm-none-eabi/4.6.2/../../../../arm-none-eabi/lib/thumb/v7m\libc.a(lib_a-impure.o)
                                0x4fd (size before relaxing)
 .debug_str     0x00000660       0x9b c:/yagarto/bin/../lib/gcc/arm-none-eabi/4.6.2/../../../../arm-none-eabi/lib/thumb/v7m\libc.a(lib_a-init.o)
                                0x18c (size before relaxing)
 .debug_str     0x000006fb       0xbe c:/yagarto/bin/../lib/gcc/arm-none-eabi/4.6.2/../../../../arm-none-eabi/lib/thumb/v7m\libc.a(lib_a-memcpy.o)
                                0x15a (size before relaxing)
 .debug_str     0x000007b9       0x5a c:/yagarto/bin/../lib/gcc/arm-none-eabi/4.6.2/../../../../arm-none-eabi/lib/thumb/v7m\libc.a(lib_a-memset.o)
                                0x147 (size before relaxing)
 .debug_str     0x00000813       0x4b c:/yagarto/bin/../lib/gcc/arm-none-eabi/4.6.2/../../../../arm-none-eabi/lib/thumb/v7m\libc.a(lib_a-strchr.o)
                                0x13e (size before relaxing)
 .debug_str     0x0000085e       0xb5 c:/yagarto/bin/../lib/gcc/arm-none-eabi/4.6.2/../../../../arm-none-eabi/lib/thumb/v7m\libc.a(lib_a-strcmp.o)
                                0x14a (size before relaxing)
 .debug_str     0x00000913       0x4e c:/yagarto/bin/../lib/gcc/arm-none-eabi/4.6.2/../../../../arm-none-eabi/lib/thumb/v7m\libc.a(lib_a-strcpy.o)
                                0x139 (size before relaxing)
 .debug_str     0x00000961       0x4e c:/yagarto/bin/../lib/gcc/arm-none-eabi/4.6.2/../../../../arm-none-eabi/lib/thumb/v7m\libc.a(lib_a-strlen.o)
                                0x140 (size before relaxing)
 .debug_str     0x000009af       0x68 c:/yagarto/bin/../lib/gcc/arm-none-eabi/4.6.2/../../../../arm-none-eabi/lib/thumb/v7m\libc.a(lib_a-strncasecmp.o)
                                0x155 (size before relaxing)
 .debug_str     0x00000a17       0x6f c:/yagarto/bin/../lib/gcc/arm-none-eabi/4.6.2/../../../../arm-none-eabi/lib/thumb/v7m\libc.a(lib_a-strtol.o)
                                0x523 (size before relaxing)
 .debug_str     0x00000a86       0x63 c:/yagarto/bin/../lib/gcc/arm-none-eabi/4.6.2/../../../../arm-none-eabi/lib/thumb/v7m\libc.a(lib_a-__atexit.o)
                                0x545 (size before relaxing)
 .debug_str     0x00000ae9       0x65 c:/yagarto/bin/../lib/gcc/arm-none-eabi/4.6.2/../../../../arm-none-eabi/lib/thumb/v7m\libc.a(lib_a-__call_atexit.o)
                                0x517 (size before relaxing)
 .debug_str     0x00000b4e       0x96 c:/yagarto/bin/../lib/gcc/arm-none-eabi/4.6.2/../../../../arm-none-eabi/lib/thumb/v7m\libc.a(lib_a-ctype_.o)
                                 0xc2 (size before relaxing)

.debug_frame    0x00000000      0x29c
 .debug_frame   0x00000000       0x20 c:/yagarto/bin/../lib/gcc/arm-none-eabi/4.6.2/../../../../arm-none-eabi/lib/thumb/v7m\libc.a(lib_a-atexit.o)
 .debug_frame   0x00000020       0x28 c:/yagarto/bin/../lib/gcc/arm-none-eabi/4.6.2/../../../../arm-none-eabi/lib/thumb/v7m\libc.a(lib_a-exit.o)
 .debug_frame   0x00000048       0x2c c:/yagarto/bin/../lib/gcc/arm-none-eabi/4.6.2/../../../../arm-none-eabi/lib/thumb/v7m\libc.a(lib_a-fini.o)
 .debug_frame   0x00000074       0x2c c:/yagarto/bin/../lib/gcc/arm-none-eabi/4.6.2/../../../../arm-none-eabi/lib/thumb/v7m\libc.a(lib_a-init.o)
 .debug_frame   0x000000a0       0x2c c:/yagarto/bin/../lib/gcc/arm-none-eabi/4.6.2/../../../../arm-none-eabi/lib/thumb/v7m\libc.a(lib_a-memcpy.o)
 .debug_frame   0x000000cc       0x2c c:/yagarto/bin/../lib/gcc/arm-none-eabi/4.6.2/../../../../arm-none-eabi/lib/thumb/v7m\libc.a(lib_a-memset.o)
 .debug_frame   0x000000f8       0x2c c:/yagarto/bin/../lib/gcc/arm-none-eabi/4.6.2/../../../../arm-none-eabi/lib/thumb/v7m\libc.a(lib_a-strchr.o)
 .debug_frame   0x00000124       0x30 c:/yagarto/bin/../lib/gcc/arm-none-eabi/4.6.2/../../../../arm-none-eabi/lib/thumb/v7m\libc.a(lib_a-strcmp.o)
 .debug_frame   0x00000154       0x20 c:/yagarto/bin/../lib/gcc/arm-none-eabi/4.6.2/../../../../arm-none-eabi/lib/thumb/v7m\libc.a(lib_a-strcpy.o)
 .debug_frame   0x00000174       0x20 c:/yagarto/bin/../lib/gcc/arm-none-eabi/4.6.2/../../../../arm-none-eabi/lib/thumb/v7m\libc.a(lib_a-strlen.o)
 .debug_frame   0x00000194       0x2c c:/yagarto/bin/../lib/gcc/arm-none-eabi/4.6.2/../../../../arm-none-eabi/lib/thumb/v7m\libc.a(lib_a-strncasecmp.o)
 .debug_frame   0x000001c0       0x50 c:/yagarto/bin/../lib/gcc/arm-none-eabi/4.6.2/../../../../arm-none-eabi/lib/thumb/v7m\libc.a(lib_a-strtol.o)
 .debug_frame   0x00000210       0x34 c:/yagarto/bin/../lib/gcc/arm-none-eabi/4.6.2/../../../../arm-none-eabi/lib/thumb/v7m\libc.a(lib_a-__atexit.o)
 .debug_frame   0x00000244       0x38 c:/yagarto/bin/../lib/gcc/arm-none-eabi/4.6.2/../../../../arm-none-eabi/lib/thumb/v7m\libc.a(lib_a-__call_atexit.o)
 .debug_frame   0x0000027c       0x20 c:/yagarto/bin/../lib/gcc/arm-none-eabi/4.6.2/thumb/v7m\libgcc.a(_udivsi3.o)
