Archive member included because of file (symbol)

c:/yagarto/bin/../lib/gcc/arm-none-eabi/4.6.2/../../../../arm-none-eabi/lib/thumb/v7m\libc.a(lib_a-atexit.o)
                              c:/yagarto/bin/../lib/gcc/arm-none-eabi/4.6.2/../../../../arm-none-eabi/lib/thumb/v7m/crt0.o (atexit)
c:/yagarto/bin/../lib/gcc/arm-none-eabi/4.6.2/../../../../arm-none-eabi/lib/thumb/v7m\libc.a(lib_a-exit.o)
                              c:/yagarto/bin/../lib/gcc/arm-none-eabi/4.6.2/../../../../arm-none-eabi/lib/thumb/v7m/crt0.o (exit)
c:/yagarto/bin/../lib/gcc/arm-none-eabi/4.6.2/../../../../arm-none-eabi/lib/thumb/v7m\libc.a(lib_a-fini.o)
                              c:/yagarto/bin/../lib/gcc/arm-none-eabi/4.6.2/../../../../arm-none-eabi/lib/thumb/v7m/crt0.o (__libc_fini_array)
c:/yagarto/bin/../lib/gcc/arm-none-eabi/4.6.2/../../../../arm-none-eabi/lib/thumb/v7m\libc.a(lib_a-impure.o)
                              c:/yagarto/bin/../lib/gcc/arm-none-eabi/4.6.2/../../../../arm-none-eabi/lib/thumb/v7m\libc.a(lib_a-exit.o) (_global_impure_ptr)
c:/yagarto/bin/../lib/gcc/arm-none-eabi/4.6.2/../../../../arm-none-eabi/lib/thumb/v7m\libc.a(lib_a-init.o)
                              c:/yagarto/bin/../lib/gcc/arm-none-eabi/4.6.2/../../../../arm-none-eabi/lib/thumb/v7m/crt0.o (__libc_init_array)
c:/yagarto/bin/../lib/gcc/arm-none-eabi/4.6.2/../../../../arm-none-eabi/lib/thumb/v7m\libc.a(lib_a-memset.o)
                              c:/yagarto/bin/../lib/gcc/arm-none-eabi/4.6.2/../../../../arm-none-eabi/lib/thumb/v7m/crt0.o (memset)
c:/yagarto/bin/../lib/gcc/arm-none-eabi/4.6.2/../../../../arm-none-eabi/lib/thumb/v7m\libc.a(lib_a-__atexit.o)
                              c:/yagarto/bin/../lib/gcc/arm-none-eabi/4.6.2/../../../../arm-none-eabi/lib/thumb/v7m\libc.a(lib_a-atexit.o) (__register_exitproc)
c:/yagarto/bin/../lib/gcc/arm-none-eabi/4.6.2/../../../../arm-none-eabi/lib/thumb/v7m\libc.a(lib_a-__call_atexit.o)
                              c:/yagarto/bin/../lib/gcc/arm-none-eabi/4.6.2/../../../../arm-none-eabi/lib/thumb/v7m\libc.a(lib_a-exit.o) (__call_exitprocs)

Discarded input sections

 .text          0x00000000        0x0 c:/yagarto/bin/../lib/gcc/arm-none-eabi/4.6.2/thumb/v7m/crti.o
 .data          0x00000000        0x0 c:/yagarto/bin/../lib/gcc/arm-none-eabi/4.6.2/thumb/v7m/crti.o
 .bss           0x00000000        0x0 c:/yagarto/bin/../lib/gcc/arm-none-eabi/4.6.2/thumb/v7m/crti.o
 .data          0x00000000        0x4 c:/yagarto/bin/../lib/gcc/arm-none-eabi/4.6.2/thumb/v7m/crtbegin.o
 .text          0x00000000       0x70 c:/yagarto/bin/../lib/gcc/arm-none-eabi/4.6.2/../../../../arm-none-eabi/lib/thumb/v7m/crt0.o
 .data          0x00000000        0x0 c:/yagarto/bin/../lib/gcc/arm-none-eabi/4.6.2/../../../../arm-none-eabi/lib/thumb/v7m/crt0.o
 .bss           0x00000000        0x0 c:/yagarto/bin/../lib/gcc/arm-none-eabi/4.6.2/../../../../arm-none-eabi/lib/thumb/v7m/crt0.o
 .ARM.extab     0x00000000        0x0 c:/yagarto/bin/../lib/gcc/arm-none-eabi/4.6.2/../../../../arm-none-eabi/lib/thumb/v7m/crt0.o
 .ARM.exidx     0x00000000        0x8 c:/yagarto/bin/../lib/gcc/arm-none-eabi/4.6.2/../../../../arm-none-eabi/lib/thumb/v7m/crt0.o
 .text          0x00000000        0x0 ./src/delay_util.o
 .data          0x00000000        0x0 ./src/delay_util.o
 .bss           0x00000000        0x0 ./src/delay_util.o
 .text._ZN7Delay_t7ElapsedEPmm
                0x00000000       0x14 ./src/delay_util.o
 .text._ZN7Delay_t2usEm
                0x00000000       0x20 ./src/delay_util.o
 .text          0x00000000        0x0 ./src/kl_util.o
 .data          0x00000000        0x0 ./src/kl_util.o
 .bss           0x00000000        0x0 ./src/kl_util.o
 .text.UintToStr
                0x00000000       0x58 ./src/kl_util.o
 .text          0x00000000        0x0 ./src/main.o
 .data          0x00000000        0x0 ./src/main.o
 .bss           0x00000000        0x0 ./src/main.o
 .text          0x00000000        0x0 ./src/rilma.o
 .data          0x00000000        0x0 ./src/rilma.o
 .bss           0x00000000        0x0 ./src/rilma.o
 .text._ZN7Rilma_t4TaskEv
                0x00000000        0x2 ./src/rilma.o
 .text          0x00000000        0x0 ./lib/src/misc.o
 .data          0x00000000        0x0 ./lib/src/misc.o
 .bss           0x00000000        0x0 ./lib/src/misc.o
 .text.NVIC_PriorityGroupConfig
                0x00000000       0x14 ./lib/src/misc.o
 .text.NVIC_SetVectorTable
                0x00000000       0x14 ./lib/src/misc.o
 .text.NVIC_SystemLPConfig
                0x00000000       0x18 ./lib/src/misc.o
 .text.SysTick_CLKSourceConfig
                0x00000000       0x18 ./lib/src/misc.o
 .text          0x00000000        0x0 ./lib/src/stm32f10x_adc.o
 .data          0x00000000        0x0 ./lib/src/stm32f10x_adc.o
 .bss           0x00000000        0x0 ./lib/src/stm32f10x_adc.o
 .text.ADC_DeInit
                0x00000000       0x5c ./lib/src/stm32f10x_adc.o
 .text.ADC_Init
                0x00000000       0x48 ./lib/src/stm32f10x_adc.o
 .text.ADC_StructInit
                0x00000000       0x12 ./lib/src/stm32f10x_adc.o
 .text.ADC_Cmd  0x00000000       0x12 ./lib/src/stm32f10x_adc.o
 .text.ADC_DMACmd
                0x00000000       0x12 ./lib/src/stm32f10x_adc.o
 .text.ADC_ITConfig
                0x00000000       0x12 ./lib/src/stm32f10x_adc.o
 .text.ADC_ResetCalibration
                0x00000000        0xa ./lib/src/stm32f10x_adc.o
 .text.ADC_GetResetCalibrationStatus
                0x00000000        0x8 ./lib/src/stm32f10x_adc.o
 .text.ADC_StartCalibration
                0x00000000        0xa ./lib/src/stm32f10x_adc.o
 .text.ADC_GetCalibrationStatus
                0x00000000        0x8 ./lib/src/stm32f10x_adc.o
 .text.ADC_SoftwareStartConvCmd
                0x00000000       0x12 ./lib/src/stm32f10x_adc.o
 .text.ADC_GetSoftwareStartConvStatus
                0x00000000        0x8 ./lib/src/stm32f10x_adc.o
 .text.ADC_DiscModeChannelCountConfig
                0x00000000       0x10 ./lib/src/stm32f10x_adc.o
 .text.ADC_DiscModeCmd
                0x00000000       0x12 ./lib/src/stm32f10x_adc.o
 .text.ADC_RegularChannelConfig
                0x00000000       0x8c ./lib/src/stm32f10x_adc.o
 .text.ADC_ExternalTrigConvCmd
                0x00000000       0x12 ./lib/src/stm32f10x_adc.o
 .text.ADC_GetConversionValue
                0x00000000        0x6 ./lib/src/stm32f10x_adc.o
 .text.ADC_GetDualModeConversionValue
                0x00000000        0xc ./lib/src/stm32f10x_adc.o
 .text.ADC_AutoInjectedConvCmd
                0x00000000       0x12 ./lib/src/stm32f10x_adc.o
 .text.ADC_InjectedDiscModeCmd
                0x00000000       0x12 ./lib/src/stm32f10x_adc.o
 .text.ADC_ExternalTrigInjectedConvConfig
                0x00000000        0xc ./lib/src/stm32f10x_adc.o
 .text.ADC_ExternalTrigInjectedConvCmd
                0x00000000       0x12 ./lib/src/stm32f10x_adc.o
 .text.ADC_SoftwareStartInjectedConvCmd
                0x00000000       0x12 ./lib/src/stm32f10x_adc.o
 .text.ADC_GetSoftwareStartInjectedConvCmdStatus
                0x00000000        0x8 ./lib/src/stm32f10x_adc.o
 .text.ADC_InjectedChannelConfig
                0x00000000       0x58 ./lib/src/stm32f10x_adc.o
 .text.ADC_InjectedSequencerLengthConfig
                0x00000000       0x10 ./lib/src/stm32f10x_adc.o
 .text.ADC_SetInjectedOffset
                0x00000000       0x16 ./lib/src/stm32f10x_adc.o
 .text.ADC_GetInjectedConversionValue
                0x00000000       0x1a ./lib/src/stm32f10x_adc.o
 .text.ADC_AnalogWatchdogCmd
                0x00000000       0x10 ./lib/src/stm32f10x_adc.o
 .text.ADC_AnalogWatchdogThresholdsConfig
                0x00000000        0x6 ./lib/src/stm32f10x_adc.o
 .text.ADC_AnalogWatchdogSingleChannelConfig
                0x00000000        0xc ./lib/src/stm32f10x_adc.o
 .text.ADC_TempSensorVrefintCmd
                0x00000000       0x18 ./lib/src/stm32f10x_adc.o
 .text.ADC_GetFlagStatus
                0x00000000        0xc ./lib/src/stm32f10x_adc.o
 .text.ADC_ClearFlag
                0x00000000        0x6 ./lib/src/stm32f10x_adc.o
 .text.ADC_GetITStatus
                0x00000000       0x16 ./lib/src/stm32f10x_adc.o
 .text.ADC_ClearITPendingBit
                0x00000000        0x8 ./lib/src/stm32f10x_adc.o
 .text          0x00000000        0x0 ./lib/src/stm32f10x_dma.o
 .data          0x00000000        0x0 ./lib/src/stm32f10x_dma.o
 .bss           0x00000000        0x0 ./lib/src/stm32f10x_dma.o
 .text.DMA_DeInit
                0x00000000       0xfc ./lib/src/stm32f10x_dma.o
 .text.DMA_Init
                0x00000000       0x3c ./lib/src/stm32f10x_dma.o
 .text.DMA_StructInit
                0x00000000       0x1a ./lib/src/stm32f10x_dma.o
 .text.DMA_Cmd  0x00000000       0x16 ./lib/src/stm32f10x_dma.o
 .text.DMA_ITConfig
                0x00000000       0x10 ./lib/src/stm32f10x_dma.o
 .text.DMA_SetCurrDataCounter
                0x00000000        0x4 ./lib/src/stm32f10x_dma.o
 .text.DMA_GetCurrDataCounter
                0x00000000        0x6 ./lib/src/stm32f10x_dma.o
 .text.DMA_GetFlagStatus
                0x00000000       0x1c ./lib/src/stm32f10x_dma.o
 .text.DMA_ClearFlag
                0x00000000       0x14 ./lib/src/stm32f10x_dma.o
 .text.DMA_GetITStatus
                0x00000000       0x1c ./lib/src/stm32f10x_dma.o
 .text.DMA_ClearITPendingBit
                0x00000000       0x14 ./lib/src/stm32f10x_dma.o
 .text          0x00000000        0x0 ./lib/src/stm32f10x_flash.o
 .data          0x00000000        0x0 ./lib/src/stm32f10x_flash.o
 .bss           0x00000000        0x0 ./lib/src/stm32f10x_flash.o
 .text.FLASH_SetLatency
                0x00000000       0x14 ./lib/src/stm32f10x_flash.o
 .text.FLASH_HalfCycleAccessCmd
                0x00000000       0x18 ./lib/src/stm32f10x_flash.o
 .text.FLASH_PrefetchBufferCmd
                0x00000000       0x18 ./lib/src/stm32f10x_flash.o
 .text.FLASH_Unlock
                0x00000000       0x18 ./lib/src/stm32f10x_flash.o
 .text.FLASH_UnlockBank1
                0x00000000       0x18 ./lib/src/stm32f10x_flash.o
 .text.FLASH_Lock
                0x00000000       0x10 ./lib/src/stm32f10x_flash.o
 .text.FLASH_LockBank1
                0x00000000       0x10 ./lib/src/stm32f10x_flash.o
 .text.FLASH_GetUserOptionByte
                0x00000000        0xc ./lib/src/stm32f10x_flash.o
 .text.FLASH_GetWriteProtectionOptionByte
                0x00000000        0xc ./lib/src/stm32f10x_flash.o
 .text.FLASH_GetReadOutProtectionStatus
                0x00000000       0x10 ./lib/src/stm32f10x_flash.o
 .text.FLASH_GetPrefetchBufferStatus
                0x00000000       0x10 ./lib/src/stm32f10x_flash.o
 .text.FLASH_ITConfig
                0x00000000       0x18 ./lib/src/stm32f10x_flash.o
 .text.FLASH_GetFlagStatus
                0x00000000       0x20 ./lib/src/stm32f10x_flash.o
 .text.FLASH_ClearFlag
                0x00000000        0xc ./lib/src/stm32f10x_flash.o
 .text.FLASH_GetStatus
                0x00000000       0x28 ./lib/src/stm32f10x_flash.o
 .text.FLASH_GetBank1Status
                0x00000000       0x28 ./lib/src/stm32f10x_flash.o
 .text.FLASH_WaitForLastOperation
                0x00000000       0x30 ./lib/src/stm32f10x_flash.o
 .text.FLASH_UserOptionByteConfig
                0x00000000       0x58 ./lib/src/stm32f10x_flash.o
 .text.FLASH_ReadOutProtection
                0x00000000       0x8c ./lib/src/stm32f10x_flash.o
 .text.FLASH_EnableWriteProtection
                0x00000000       0xc4 ./lib/src/stm32f10x_flash.o
 .text.FLASH_ProgramOptionByteData
                0x00000000       0x48 ./lib/src/stm32f10x_flash.o
 .text.FLASH_ProgramHalfWord
                0x00000000       0x34 ./lib/src/stm32f10x_flash.o
 .text.FLASH_ProgramWord
                0x00000000       0x50 ./lib/src/stm32f10x_flash.o
 .text.FLASH_EraseOptionBytes
                0x00000000       0x8c ./lib/src/stm32f10x_flash.o
 .text.FLASH_EraseAllPages
                0x00000000       0x38 ./lib/src/stm32f10x_flash.o
 .text.FLASH_ErasePage
                0x00000000       0x3c ./lib/src/stm32f10x_flash.o
 .text.FLASH_WaitForLastBank1Operation
                0x00000000       0x32 ./lib/src/stm32f10x_flash.o
 .text.FLASH_EraseAllBank1Pages
                0x00000000       0x38 ./lib/src/stm32f10x_flash.o
 .text          0x00000000        0x0 ./lib/src/stm32f10x_gpio.o
 .data          0x00000000        0x0 ./lib/src/stm32f10x_gpio.o
 .bss           0x00000000        0x0 ./lib/src/stm32f10x_gpio.o
 .text.GPIO_DeInit
                0x00000000       0xac ./lib/src/stm32f10x_gpio.o
 .text.GPIO_AFIODeInit
                0x00000000       0x16 ./lib/src/stm32f10x_gpio.o
 .text.GPIO_StructInit
                0x00000000       0x10 ./lib/src/stm32f10x_gpio.o
 .text.GPIO_ReadInputDataBit
                0x00000000        0xc ./lib/src/stm32f10x_gpio.o
 .text.GPIO_ReadInputData
                0x00000000        0x6 ./lib/src/stm32f10x_gpio.o
 .text.GPIO_ReadOutputDataBit
                0x00000000        0xc ./lib/src/stm32f10x_gpio.o
 .text.GPIO_ReadOutputData
                0x00000000        0x6 ./lib/src/stm32f10x_gpio.o
 .text.GPIO_SetBits
                0x00000000        0x4 ./lib/src/stm32f10x_gpio.o
 .text.GPIO_ResetBits
                0x00000000        0x4 ./lib/src/stm32f10x_gpio.o
 .text.GPIO_WriteBit
                0x00000000        0xa ./lib/src/stm32f10x_gpio.o
 .text.GPIO_Write
                0x00000000        0x4 ./lib/src/stm32f10x_gpio.o
 .text.GPIO_PinLockConfig
                0x00000000       0x10 ./lib/src/stm32f10x_gpio.o
 .text.GPIO_EventOutputConfig
                0x00000000       0x1c ./lib/src/stm32f10x_gpio.o
 .text.GPIO_EventOutputCmd
                0x00000000        0xc ./lib/src/stm32f10x_gpio.o
 .text.GPIO_PinRemapConfig
                0x00000000       0x64 ./lib/src/stm32f10x_gpio.o
 .text.GPIO_EXTILineConfig
                0x00000000       0x34 ./lib/src/stm32f10x_gpio.o
 .text.GPIO_ETH_MediaInterfaceConfig
                0x00000000        0xc ./lib/src/stm32f10x_gpio.o
 .text          0x00000000        0x0 ./lib/src/stm32f10x_rcc.o
 .data          0x00000000        0x0 ./lib/src/stm32f10x_rcc.o
 .bss           0x00000000        0x0 ./lib/src/stm32f10x_rcc.o
 .text.RCC_DeInit
                0x00000000       0x44 ./lib/src/stm32f10x_rcc.o
 .text.RCC_HSEConfig
                0x00000000       0x38 ./lib/src/stm32f10x_rcc.o
 .text.RCC_AdjustHSICalibrationValue
                0x00000000       0x14 ./lib/src/stm32f10x_rcc.o
 .text.RCC_HSICmd
                0x00000000        0xc ./lib/src/stm32f10x_rcc.o
 .text.RCC_PLLConfig
                0x00000000       0x14 ./lib/src/stm32f10x_rcc.o
 .text.RCC_PLLCmd
                0x00000000        0xc ./lib/src/stm32f10x_rcc.o
 .text.RCC_PREDIV1Config
                0x00000000       0x18 ./lib/src/stm32f10x_rcc.o
 .text.RCC_SYSCLKConfig
                0x00000000       0x14 ./lib/src/stm32f10x_rcc.o
 .text.RCC_GetSYSCLKSource
                0x00000000       0x10 ./lib/src/stm32f10x_rcc.o
 .text.RCC_HCLKConfig
                0x00000000       0x14 ./lib/src/stm32f10x_rcc.o
 .text.RCC_PCLK1Config
                0x00000000       0x14 ./lib/src/stm32f10x_rcc.o
 .text.RCC_PCLK2Config
                0x00000000       0x14 ./lib/src/stm32f10x_rcc.o
 .text.RCC_ITConfig
                0x00000000       0x18 ./lib/src/stm32f10x_rcc.o
 .text.RCC_USBCLKConfig
                0x00000000        0xc ./lib/src/stm32f10x_rcc.o
 .text.RCC_ADCCLKConfig
                0x00000000       0x14 ./lib/src/stm32f10x_rcc.o
 .text.RCC_LSEConfig
                0x00000000       0x20 ./lib/src/stm32f10x_rcc.o
 .text.RCC_LSICmd
                0x00000000        0xc ./lib/src/stm32f10x_rcc.o
 .text.RCC_RTCCLKConfig
                0x00000000       0x10 ./lib/src/stm32f10x_rcc.o
 .text.RCC_RTCCLKCmd
                0x00000000        0xc ./lib/src/stm32f10x_rcc.o
 .text.RCC_AHBPeriphClockCmd
                0x00000000       0x18 ./lib/src/stm32f10x_rcc.o
 .text.RCC_APB2PeriphResetCmd
                0x00000000       0x18 ./lib/src/stm32f10x_rcc.o
 .text.RCC_APB1PeriphResetCmd
                0x00000000       0x18 ./lib/src/stm32f10x_rcc.o
 .text.RCC_BackupResetCmd
                0x00000000        0xc ./lib/src/stm32f10x_rcc.o
 .text.RCC_ClockSecuritySystemCmd
                0x00000000        0xc ./lib/src/stm32f10x_rcc.o
 .text.RCC_MCOConfig
                0x00000000        0xc ./lib/src/stm32f10x_rcc.o
 .text.RCC_GetFlagStatus
                0x00000000       0x28 ./lib/src/stm32f10x_rcc.o
 .text.RCC_WaitForHSEStartUp
                0x00000000       0x2c ./lib/src/stm32f10x_rcc.o
 .text.RCC_ClearFlag
                0x00000000       0x10 ./lib/src/stm32f10x_rcc.o
 .text.RCC_GetITStatus
                0x00000000       0x14 ./lib/src/stm32f10x_rcc.o
 .text.RCC_ClearITPendingBit
                0x00000000        0xc ./lib/src/stm32f10x_rcc.o
 .text          0x00000000        0x0 ./lib/src/stm32f10x_spi.o
 .data          0x00000000        0x0 ./lib/src/stm32f10x_spi.o
 .bss           0x00000000        0x0 ./lib/src/stm32f10x_spi.o
 .text.SPI_I2S_DeInit
                0x00000000       0x64 ./lib/src/stm32f10x_spi.o
 .text.SPI_Init
                0x00000000       0x3e ./lib/src/stm32f10x_spi.o
 .text.I2S_Init
                0x00000000       0xa2 ./lib/src/stm32f10x_spi.o
 .text.SPI_StructInit
                0x00000000       0x18 ./lib/src/stm32f10x_spi.o
 .text.I2S_StructInit
                0x00000000       0x12 ./lib/src/stm32f10x_spi.o
 .text.SPI_Cmd  0x00000000       0x18 ./lib/src/stm32f10x_spi.o
 .text.I2S_Cmd  0x00000000       0x18 ./lib/src/stm32f10x_spi.o
 .text.SPI_I2S_ITConfig
                0x00000000       0x1c ./lib/src/stm32f10x_spi.o
 .text.SPI_I2S_DMACmd
                0x00000000       0x12 ./lib/src/stm32f10x_spi.o
 .text.SPI_I2S_SendData
                0x00000000        0x4 ./lib/src/stm32f10x_spi.o
 .text.SPI_I2S_ReceiveData
                0x00000000        0x6 ./lib/src/stm32f10x_spi.o
 .text.SPI_NSSInternalSoftwareConfig
                0x00000000       0x1e ./lib/src/stm32f10x_spi.o
 .text.SPI_SSOutputCmd
                0x00000000       0x18 ./lib/src/stm32f10x_spi.o
 .text.SPI_DataSizeConfig
                0x00000000       0x16 ./lib/src/stm32f10x_spi.o
 .text.SPI_TransmitCRC
                0x00000000        0xc ./lib/src/stm32f10x_spi.o
 .text.SPI_CalculateCRC
                0x00000000       0x18 ./lib/src/stm32f10x_spi.o
 .text.SPI_GetCRC
                0x00000000        0xe ./lib/src/stm32f10x_spi.o
 .text.SPI_GetCRCPolynomial
                0x00000000        0x6 ./lib/src/stm32f10x_spi.o
 .text.SPI_BiDirectionalLineConfig
                0x00000000       0x1c ./lib/src/stm32f10x_spi.o
 .text.SPI_I2S_GetFlagStatus
                0x00000000        0xc ./lib/src/stm32f10x_spi.o
 .text.SPI_I2S_ClearFlag
                0x00000000        0x8 ./lib/src/stm32f10x_spi.o
 .text.SPI_I2S_GetITStatus
                0x00000000       0x26 ./lib/src/stm32f10x_spi.o
 .text.SPI_I2S_ClearITPendingBit
                0x00000000       0x10 ./lib/src/stm32f10x_spi.o
 .text          0x00000000        0x0 ./lib/src/stm32f10x_tim.o
 .data          0x00000000        0x0 ./lib/src/stm32f10x_tim.o
 .bss           0x00000000        0x0 ./lib/src/stm32f10x_tim.o
 .text.TI1_Config
                0x00000000       0x90 ./lib/src/stm32f10x_tim.o
 .text.TI2_Config
                0x00000000       0xa0 ./lib/src/stm32f10x_tim.o
 .text.TIM_DeInit
                0x00000000      0x1ac ./lib/src/stm32f10x_tim.o
 .text.TIM_OC1Init
                0x00000000       0xa8 ./lib/src/stm32f10x_tim.o
 .text.TIM_OC3Init
                0x00000000       0x8c ./lib/src/stm32f10x_tim.o
 .text.TIM_OC4Init
                0x00000000       0x78 ./lib/src/stm32f10x_tim.o
 .text.TIM_BDTRConfig
                0x00000000       0x22 ./lib/src/stm32f10x_tim.o
 .text.TIM_TimeBaseStructInit
                0x00000000       0x12 ./lib/src/stm32f10x_tim.o
 .text.TIM_OCStructInit
                0x00000000       0x14 ./lib/src/stm32f10x_tim.o
 .text.TIM_ICStructInit
                0x00000000       0x10 ./lib/src/stm32f10x_tim.o
 .text.TIM_BDTRStructInit
                0x00000000       0x12 ./lib/src/stm32f10x_tim.o
 .text.TIM_CtrlPWMOutputs
                0x00000000       0x1c ./lib/src/stm32f10x_tim.o
 .text.TIM_GenerateEvent
                0x00000000        0x4 ./lib/src/stm32f10x_tim.o
 .text.TIM_DMAConfig
                0x00000000        0x8 ./lib/src/stm32f10x_tim.o
 .text.TIM_DMACmd
                0x00000000       0x12 ./lib/src/stm32f10x_tim.o
 .text.TIM_InternalClockConfig
                0x00000000        0xe ./lib/src/stm32f10x_tim.o
 .text.TIM_ITRxExternalClockConfig
                0x00000000       0x1a ./lib/src/stm32f10x_tim.o
 .text.TIM_TIxExternalClockConfig
                0x00000000       0x32 ./lib/src/stm32f10x_tim.o
 .text.TIM_ETRConfig
                0x00000000       0x14 ./lib/src/stm32f10x_tim.o
 .text.TIM_ETRClockMode2Config
                0x00000000       0x14 ./lib/src/stm32f10x_tim.o
 .text.TIM_ETRClockMode1Config
                0x00000000       0x1a ./lib/src/stm32f10x_tim.o
 .text.TIM_PrescalerConfig
                0x00000000        0x6 ./lib/src/stm32f10x_tim.o
 .text.TIM_CounterModeConfig
                0x00000000       0x10 ./lib/src/stm32f10x_tim.o
 .text.TIM_SelectInputTrigger
                0x00000000       0x10 ./lib/src/stm32f10x_tim.o
 .text.TIM_EncoderInterfaceConfig
                0x00000000       0x3c ./lib/src/stm32f10x_tim.o
 .text.TIM_ForcedOC1Config
                0x00000000       0x10 ./lib/src/stm32f10x_tim.o
 .text.TIM_ForcedOC2Config
                0x00000000       0x14 ./lib/src/stm32f10x_tim.o
 .text.TIM_ForcedOC3Config
                0x00000000       0x10 ./lib/src/stm32f10x_tim.o
 .text.TIM_ForcedOC4Config
                0x00000000       0x14 ./lib/src/stm32f10x_tim.o
 .text.TIM_SelectCOM
                0x00000000       0x18 ./lib/src/stm32f10x_tim.o
 .text.TIM_SelectCCDMA
                0x00000000       0x18 ./lib/src/stm32f10x_tim.o
 .text.TIM_CCPreloadControl
                0x00000000       0x18 ./lib/src/stm32f10x_tim.o
 .text.TIM_OC1PreloadConfig
                0x00000000       0x10 ./lib/src/stm32f10x_tim.o
 .text.TIM_OC3PreloadConfig
                0x00000000       0x10 ./lib/src/stm32f10x_tim.o
 .text.TIM_OC4PreloadConfig
                0x00000000       0x14 ./lib/src/stm32f10x_tim.o
 .text.TIM_OC1FastConfig
                0x00000000       0x10 ./lib/src/stm32f10x_tim.o
 .text.TIM_OC2FastConfig
                0x00000000       0x14 ./lib/src/stm32f10x_tim.o
 .text.TIM_OC3FastConfig
                0x00000000       0x10 ./lib/src/stm32f10x_tim.o
 .text.TIM_OC4FastConfig
                0x00000000       0x14 ./lib/src/stm32f10x_tim.o
 .text.TIM_ClearOC1Ref
                0x00000000       0x10 ./lib/src/stm32f10x_tim.o
 .text.TIM_ClearOC2Ref
                0x00000000       0x10 ./lib/src/stm32f10x_tim.o
 .text.TIM_ClearOC3Ref
                0x00000000       0x10 ./lib/src/stm32f10x_tim.o
 .text.TIM_ClearOC4Ref
                0x00000000       0x10 ./lib/src/stm32f10x_tim.o
 .text.TIM_OC1PolarityConfig
                0x00000000       0x10 ./lib/src/stm32f10x_tim.o
 .text.TIM_OC1NPolarityConfig
                0x00000000       0x10 ./lib/src/stm32f10x_tim.o
 .text.TIM_OC2PolarityConfig
                0x00000000       0x14 ./lib/src/stm32f10x_tim.o
 .text.TIM_OC2NPolarityConfig
                0x00000000       0x14 ./lib/src/stm32f10x_tim.o
 .text.TIM_OC3PolarityConfig
                0x00000000       0x14 ./lib/src/stm32f10x_tim.o
 .text.TIM_OC3NPolarityConfig
                0x00000000       0x14 ./lib/src/stm32f10x_tim.o
 .text.TIM_OC4PolarityConfig
                0x00000000       0x14 ./lib/src/stm32f10x_tim.o
 .text.TIM_CCxCmd
                0x00000000       0x1e ./lib/src/stm32f10x_tim.o
 .text.TIM_CCxNCmd
                0x00000000       0x1e ./lib/src/stm32f10x_tim.o
 .text.TIM_SelectOCxM
                0x00000000       0x4e ./lib/src/stm32f10x_tim.o
 .text.TIM_UpdateDisableConfig
                0x00000000       0x18 ./lib/src/stm32f10x_tim.o
 .text.TIM_UpdateRequestConfig
                0x00000000       0x18 ./lib/src/stm32f10x_tim.o
 .text.TIM_SelectHallSensor
                0x00000000       0x18 ./lib/src/stm32f10x_tim.o
 .text.TIM_SelectOnePulseMode
                0x00000000       0x16 ./lib/src/stm32f10x_tim.o
 .text.TIM_SelectOutputTrigger
                0x00000000       0x16 ./lib/src/stm32f10x_tim.o
 .text.TIM_SelectSlaveMode
                0x00000000       0x16 ./lib/src/stm32f10x_tim.o
 .text.TIM_SelectMasterSlaveMode
                0x00000000       0x16 ./lib/src/stm32f10x_tim.o
 .text.TIM_SetCounter
                0x00000000        0x4 ./lib/src/stm32f10x_tim.o
 .text.TIM_SetAutoreload
                0x00000000        0x4 ./lib/src/stm32f10x_tim.o
 .text.TIM_SetIC1Prescaler
                0x00000000       0x16 ./lib/src/stm32f10x_tim.o
 .text.TIM_SetIC2Prescaler
                0x00000000       0x1a ./lib/src/stm32f10x_tim.o
 .text.TIM_PWMIConfig
                0x00000000       0x6c ./lib/src/stm32f10x_tim.o
 .text.TIM_SetIC3Prescaler
                0x00000000       0x16 ./lib/src/stm32f10x_tim.o
 .text.TIM_SetIC4Prescaler
                0x00000000       0x1a ./lib/src/stm32f10x_tim.o
 .text.TIM_ICInit
                0x00000000      0x17c ./lib/src/stm32f10x_tim.o
 .text.TIM_SetClockDivision
                0x00000000       0x16 ./lib/src/stm32f10x_tim.o
 .text.TIM_GetCapture1
                0x00000000        0x6 ./lib/src/stm32f10x_tim.o
 .text.TIM_GetCapture2
                0x00000000        0x6 ./lib/src/stm32f10x_tim.o
 .text.TIM_GetCapture3
                0x00000000        0x6 ./lib/src/stm32f10x_tim.o
 .text.TIM_GetCapture4
                0x00000000        0x8 ./lib/src/stm32f10x_tim.o
 .text.TIM_GetCounter
                0x00000000        0x6 ./lib/src/stm32f10x_tim.o
 .text.TIM_GetPrescaler
                0x00000000        0x6 ./lib/src/stm32f10x_tim.o
 .text.TIM_GetFlagStatus
                0x00000000        0xc ./lib/src/stm32f10x_tim.o
 .text.TIM_GetITStatus
                0x00000000       0x18 ./lib/src/stm32f10x_tim.o
 .text          0x00000000        0x0 ./lib/src/stm32f10x_usart.o
 .data          0x00000000        0x0 ./lib/src/stm32f10x_usart.o
 .bss           0x00000000        0x0 ./lib/src/stm32f10x_usart.o
 .text.USART_DeInit
                0x00000000       0x98 ./lib/src/stm32f10x_usart.o
 .text.USART_StructInit
                0x00000000       0x16 ./lib/src/stm32f10x_usart.o
 .text.USART_ClockInit
                0x00000000       0x22 ./lib/src/stm32f10x_usart.o
 .text.USART_ClockStructInit
                0x00000000        0xc ./lib/src/stm32f10x_usart.o
 .text.USART_ITConfig
                0x00000000       0x32 ./lib/src/stm32f10x_usart.o
 .text.USART_DMACmd
                0x00000000       0x12 ./lib/src/stm32f10x_usart.o
 .text.USART_SetAddress
                0x00000000       0x16 ./lib/src/stm32f10x_usart.o
 .text.USART_WakeUpConfig
                0x00000000       0x16 ./lib/src/stm32f10x_usart.o
 .text.USART_ReceiverWakeUpCmd
                0x00000000       0x18 ./lib/src/stm32f10x_usart.o
 .text.USART_LINBreakDetectLengthConfig
                0x00000000       0x16 ./lib/src/stm32f10x_usart.o
 .text.USART_LINCmd
                0x00000000       0x18 ./lib/src/stm32f10x_usart.o
 .text.USART_ReceiveData
                0x00000000        0x8 ./lib/src/stm32f10x_usart.o
 .text.USART_SendBreak
                0x00000000        0xc ./lib/src/stm32f10x_usart.o
 .text.USART_SetGuardTime
                0x00000000       0x12 ./lib/src/stm32f10x_usart.o
 .text.USART_SetPrescaler
                0x00000000       0x12 ./lib/src/stm32f10x_usart.o
 .text.USART_SmartCardCmd
                0x00000000       0x18 ./lib/src/stm32f10x_usart.o
 .text.USART_SmartCardNACKCmd
                0x00000000       0x18 ./lib/src/stm32f10x_usart.o
 .text.USART_HalfDuplexCmd
                0x00000000       0x18 ./lib/src/stm32f10x_usart.o
 .text.USART_OverSampling8Cmd
                0x00000000       0x18 ./lib/src/stm32f10x_usart.o
 .text.USART_OneBitMethodCmd
                0x00000000       0x18 ./lib/src/stm32f10x_usart.o
 .text.USART_IrDAConfig
                0x00000000       0x16 ./lib/src/stm32f10x_usart.o
 .text.USART_IrDACmd
                0x00000000       0x18 ./lib/src/stm32f10x_usart.o
 .text.USART_ClearFlag
                0x00000000        0x8 ./lib/src/stm32f10x_usart.o
 .text.USART_GetITStatus
                0x00000000       0x42 ./lib/src/stm32f10x_usart.o
 .text.USART_ClearITPendingBit
                0x00000000        0xe ./lib/src/stm32f10x_usart.o
 .text          0x00000000        0x0 ./lib/core_cm3.o
 .data          0x00000000        0x0 ./lib/core_cm3.o
 .bss           0x00000000        0x0 ./lib/core_cm3.o
 .text.__get_PSP
                0x00000000        0x8 ./lib/core_cm3.o
 .text.__set_PSP
                0x00000000        0x6 ./lib/core_cm3.o
 .text.__get_MSP
                0x00000000        0x8 ./lib/core_cm3.o
 .text.__set_MSP
                0x00000000        0x6 ./lib/core_cm3.o
 .text.__get_BASEPRI
                0x00000000        0x6 ./lib/core_cm3.o
 .text.__set_BASEPRI
                0x00000000        0x6 ./lib/core_cm3.o
 .text.__get_PRIMASK
                0x00000000        0x6 ./lib/core_cm3.o
 .text.__set_PRIMASK
                0x00000000        0x6 ./lib/core_cm3.o
 .text.__get_FAULTMASK
                0x00000000        0x6 ./lib/core_cm3.o
 .text.__set_FAULTMASK
                0x00000000        0x6 ./lib/core_cm3.o
 .text.__get_CONTROL
                0x00000000        0x6 ./lib/core_cm3.o
 .text.__set_CONTROL
                0x00000000        0x6 ./lib/core_cm3.o
 .text.__REV    0x00000000        0x4 ./lib/core_cm3.o
 .text.__REV16  0x00000000        0x4 ./lib/core_cm3.o
 .text.__REVSH  0x00000000        0x4 ./lib/core_cm3.o
 .text.__RBIT   0x00000000        0x6 ./lib/core_cm3.o
 .text.__LDREXB
                0x00000000        0x8 ./lib/core_cm3.o
 .text.__LDREXH
                0x00000000        0x8 ./lib/core_cm3.o
 .text.__LDREXW
                0x00000000        0x6 ./lib/core_cm3.o
 .text.__STREXB
                0x00000000        0x6 ./lib/core_cm3.o
 .text.__STREXH
                0x00000000        0x6 ./lib/core_cm3.o
 .text.__STREXW
                0x00000000        0x6 ./lib/core_cm3.o
 .text          0x00000000       0x14 ./lib/startup_stm32f10x_ld_vl.o
 .data          0x00000000        0x0 ./lib/startup_stm32f10x_ld_vl.o
 .bss           0x00000000        0x0 ./lib/startup_stm32f10x_ld_vl.o
 .text          0x00000000        0x0 ./lib/system_stm32f10x.o
 .data          0x00000000        0x0 ./lib/system_stm32f10x.o
 .bss           0x00000000        0x0 ./lib/system_stm32f10x.o
 .text.SystemCoreClockUpdate
                0x00000000       0x68 ./lib/system_stm32f10x.o
 .data.AHBPrescTable
                0x00000000       0x10 ./lib/system_stm32f10x.o
 .text          0x00000000        0xc c:/yagarto/bin/../lib/gcc/arm-none-eabi/4.6.2/../../../../arm-none-eabi/lib/thumb/v7m\libc.a(lib_a-atexit.o)
 .data          0x00000000        0x0 c:/yagarto/bin/../lib/gcc/arm-none-eabi/4.6.2/../../../../arm-none-eabi/lib/thumb/v7m\libc.a(lib_a-atexit.o)
 .bss           0x00000000        0x0 c:/yagarto/bin/../lib/gcc/arm-none-eabi/4.6.2/../../../../arm-none-eabi/lib/thumb/v7m\libc.a(lib_a-atexit.o)
 .text          0x00000000       0x20 c:/yagarto/bin/../lib/gcc/arm-none-eabi/4.6.2/../../../../arm-none-eabi/lib/thumb/v7m\libc.a(lib_a-exit.o)
 .data          0x00000000        0x0 c:/yagarto/bin/../lib/gcc/arm-none-eabi/4.6.2/../../../../arm-none-eabi/lib/thumb/v7m\libc.a(lib_a-exit.o)
 .bss           0x00000000        0x0 c:/yagarto/bin/../lib/gcc/arm-none-eabi/4.6.2/../../../../arm-none-eabi/lib/thumb/v7m\libc.a(lib_a-exit.o)
 .text          0x00000000       0x2c c:/yagarto/bin/../lib/gcc/arm-none-eabi/4.6.2/../../../../arm-none-eabi/lib/thumb/v7m\libc.a(lib_a-fini.o)
 .data          0x00000000        0x0 c:/yagarto/bin/../lib/gcc/arm-none-eabi/4.6.2/../../../../arm-none-eabi/lib/thumb/v7m\libc.a(lib_a-fini.o)
 .bss           0x00000000        0x0 c:/yagarto/bin/../lib/gcc/arm-none-eabi/4.6.2/../../../../arm-none-eabi/lib/thumb/v7m\libc.a(lib_a-fini.o)
 .text          0x00000000        0x0 c:/yagarto/bin/../lib/gcc/arm-none-eabi/4.6.2/../../../../arm-none-eabi/lib/thumb/v7m\libc.a(lib_a-impure.o)
 .data          0x00000000      0x430 c:/yagarto/bin/../lib/gcc/arm-none-eabi/4.6.2/../../../../arm-none-eabi/lib/thumb/v7m\libc.a(lib_a-impure.o)
 .bss           0x00000000        0x0 c:/yagarto/bin/../lib/gcc/arm-none-eabi/4.6.2/../../../../arm-none-eabi/lib/thumb/v7m\libc.a(lib_a-impure.o)
 .rodata        0x00000000        0x4 c:/yagarto/bin/../lib/gcc/arm-none-eabi/4.6.2/../../../../arm-none-eabi/lib/thumb/v7m\libc.a(lib_a-impure.o)
 .rodata.str1.4
                0x00000000        0x4 c:/yagarto/bin/../lib/gcc/arm-none-eabi/4.6.2/../../../../arm-none-eabi/lib/thumb/v7m\libc.a(lib_a-impure.o)
 .data          0x00000000        0x0 c:/yagarto/bin/../lib/gcc/arm-none-eabi/4.6.2/../../../../arm-none-eabi/lib/thumb/v7m\libc.a(lib_a-init.o)
 .bss           0x00000000        0x0 c:/yagarto/bin/../lib/gcc/arm-none-eabi/4.6.2/../../../../arm-none-eabi/lib/thumb/v7m\libc.a(lib_a-init.o)
 .text          0x00000000       0x94 c:/yagarto/bin/../lib/gcc/arm-none-eabi/4.6.2/../../../../arm-none-eabi/lib/thumb/v7m\libc.a(lib_a-memset.o)
 .data          0x00000000        0x0 c:/yagarto/bin/../lib/gcc/arm-none-eabi/4.6.2/../../../../arm-none-eabi/lib/thumb/v7m\libc.a(lib_a-memset.o)
 .bss           0x00000000        0x0 c:/yagarto/bin/../lib/gcc/arm-none-eabi/4.6.2/../../../../arm-none-eabi/lib/thumb/v7m\libc.a(lib_a-memset.o)
 .text          0x00000000       0xb0 c:/yagarto/bin/../lib/gcc/arm-none-eabi/4.6.2/../../../../arm-none-eabi/lib/thumb/v7m\libc.a(lib_a-__atexit.o)
 .data          0x00000000        0x0 c:/yagarto/bin/../lib/gcc/arm-none-eabi/4.6.2/../../../../arm-none-eabi/lib/thumb/v7m\libc.a(lib_a-__atexit.o)
 .bss           0x00000000        0x0 c:/yagarto/bin/../lib/gcc/arm-none-eabi/4.6.2/../../../../arm-none-eabi/lib/thumb/v7m\libc.a(lib_a-__atexit.o)
 .text          0x00000000       0xd8 c:/yagarto/bin/../lib/gcc/arm-none-eabi/4.6.2/../../../../arm-none-eabi/lib/thumb/v7m\libc.a(lib_a-__call_atexit.o)
 .data          0x00000000        0x0 c:/yagarto/bin/../lib/gcc/arm-none-eabi/4.6.2/../../../../arm-none-eabi/lib/thumb/v7m\libc.a(lib_a-__call_atexit.o)
 .bss           0x00000000        0x0 c:/yagarto/bin/../lib/gcc/arm-none-eabi/4.6.2/../../../../arm-none-eabi/lib/thumb/v7m\libc.a(lib_a-__call_atexit.o)
 .text          0x00000000        0x0 c:/yagarto/bin/../lib/gcc/arm-none-eabi/4.6.2/thumb/v7m/crtend.o
 .data          0x00000000        0x0 c:/yagarto/bin/../lib/gcc/arm-none-eabi/4.6.2/thumb/v7m/crtend.o
 .bss           0x00000000        0x0 c:/yagarto/bin/../lib/gcc/arm-none-eabi/4.6.2/thumb/v7m/crtend.o
 .eh_frame      0x00000000        0x4 c:/yagarto/bin/../lib/gcc/arm-none-eabi/4.6.2/thumb/v7m/crtend.o
 .jcr           0x00000000        0x4 c:/yagarto/bin/../lib/gcc/arm-none-eabi/4.6.2/thumb/v7m/crtend.o
 .text          0x00000000        0x0 c:/yagarto/bin/../lib/gcc/arm-none-eabi/4.6.2/thumb/v7m/crtn.o
 .data          0x00000000        0x0 c:/yagarto/bin/../lib/gcc/arm-none-eabi/4.6.2/thumb/v7m/crtn.o
 .bss           0x00000000        0x0 c:/yagarto/bin/../lib/gcc/arm-none-eabi/4.6.2/thumb/v7m/crtn.o

Memory Configuration

Name             Origin             Length             Attributes
FLASH            0x08000000         0x00004000         xr
RAM              0x20000000         0x00001000         xrw
MEMORY_B1        0x60000000         0x00000000         xr
*default*        0x00000000         0xffffffff

Linker script and memory map

LOAD c:/yagarto/bin/../lib/gcc/arm-none-eabi/4.6.2/thumb/v7m/crti.o
LOAD c:/yagarto/bin/../lib/gcc/arm-none-eabi/4.6.2/thumb/v7m/crtbegin.o
LOAD c:/yagarto/bin/../lib/gcc/arm-none-eabi/4.6.2/../../../../arm-none-eabi/lib/thumb/v7m/crt0.o
LOAD ./src/delay_util.o
LOAD ./src/kl_util.o
LOAD ./src/main.o
LOAD ./src/rilma.o
LOAD ./lib/src/misc.o
LOAD ./lib/src/stm32f10x_adc.o
LOAD ./lib/src/stm32f10x_dma.o
LOAD ./lib/src/stm32f10x_flash.o
LOAD ./lib/src/stm32f10x_gpio.o
LOAD ./lib/src/stm32f10x_rcc.o
LOAD ./lib/src/stm32f10x_spi.o
LOAD ./lib/src/stm32f10x_tim.o
LOAD ./lib/src/stm32f10x_usart.o
LOAD ./lib/core_cm3.o
LOAD ./lib/startup_stm32f10x_ld_vl.o
LOAD ./lib/system_stm32f10x.o
LOAD c:/yagarto/bin/../lib/gcc/arm-none-eabi/4.6.2/../../../../arm-none-eabi/lib/thumb/v7m\libstdc++.a
LOAD c:/yagarto/bin/../lib/gcc/arm-none-eabi/4.6.2/../../../../arm-none-eabi/lib/thumb/v7m\libm.a
START GROUP
LOAD c:/yagarto/bin/../lib/gcc/arm-none-eabi/4.6.2/thumb/v7m\libgcc.a
LOAD c:/yagarto/bin/../lib/gcc/arm-none-eabi/4.6.2/../../../../arm-none-eabi/lib/thumb/v7m\libc.a
END GROUP
LOAD c:/yagarto/bin/../lib/gcc/arm-none-eabi/4.6.2/thumb/v7m/crtend.o
LOAD c:/yagarto/bin/../lib/gcc/arm-none-eabi/4.6.2/thumb/v7m/crtn.o
                0x20001000                _estack = 0x20001000
                0x00000000                _Min_Heap_Size = 0x0
                0x00000080                _Min_Stack_Size = 0x80

.isr_vector     0x08000000      0x1d0
                0x08000000                . = ALIGN (0x4)
 *(.isr_vector)
 .isr_vector    0x08000000      0x1d0 ./lib/startup_stm32f10x_ld_vl.o
                0x08000000                g_pfnVectors
                0x080001d0                . = ALIGN (0x4)

.text           0x080001d0      0xa5c
                0x080001d0                . = ALIGN (0x4)
 *(.text)
 .text          0x080001d0       0x54 c:/yagarto/bin/../lib/gcc/arm-none-eabi/4.6.2/thumb/v7m/crtbegin.o
 .text          0x08000224       0x48 c:/yagarto/bin/../lib/gcc/arm-none-eabi/4.6.2/../../../../arm-none-eabi/lib/thumb/v7m\libc.a(lib_a-init.o)
                0x08000224                __libc_init_array
 *(.text*)
 .text._ZN7Delay_t4InitEv
                0x0800026c       0x80 ./src/delay_util.o
                0x0800026c                Delay_t::Init()
 .text._ZN7Delay_t2msEm
                0x080002ec       0x1c ./src/delay_util.o
                0x080002ec                Delay_t::ms(unsigned long)
 .text.TIM2_IRQHandler
                0x08000308       0x1c ./src/delay_util.o
                0x08000308                TIM2_IRQHandler
 .text.UART_Init
                0x08000324       0x70 ./src/kl_util.o
                0x08000324                UART_Init
 .text.UART_Print
                0x08000394       0x1c ./src/kl_util.o
                0x08000394                UART_Print
 .text.UintToHexChar
                0x080003b0       0x10 ./src/kl_util.o
                0x080003b0                UintToHexChar
 .text.UART_PrintAsHex
                0x080003c0       0x80 ./src/kl_util.o
                0x080003c0                UART_PrintAsHex
 .text.UART_PrintUint
                0x08000440       0x54 ./src/kl_util.o
                0x08000440                UART_PrintUint
 .text.UART_PrintInt
                0x08000494       0x22 ./src/kl_util.o
                0x08000494                UART_PrintInt
 .text.UART_PrintString
                0x080004b6       0x14 ./src/kl_util.o
                0x080004b6                UART_PrintString
 .text.UART_Print8HexArray
                0x080004ca       0x1e ./src/kl_util.o
                0x080004ca                UART_Print8HexArray
 .text.klPrintf
                0x080004e8       0xba ./src/kl_util.o
                0x080004e8                klPrintf
 *fill*         0x080005a2        0x2 00
 .text._Z11GeneralInitv
                0x080005a4       0x34 ./src/main.o
                0x080005a4                GeneralInit()
 .text.startup.main
                0x080005d8       0x14 ./src/main.o
                0x080005d8                main
 .text._ZN7Rilma_t4InitEv
                0x080005ec       0x68 ./src/rilma.o
                0x080005ec                Rilma_t::Init()
 .text._ZN7Rilma_t3SetEmh
                0x08000654       0x30 ./src/rilma.o
                0x08000654                Rilma_t::Set(unsigned long, unsigned char)
 .text._ZN7Rilma_t8SmoothOnEv
                0x08000684       0x3c ./src/rilma.o
                0x08000684                Rilma_t::SmoothOn()
 .text.NVIC_Init
                0x080006c0       0x60 ./lib/src/misc.o
                0x080006c0                NVIC_Init
 .text.GPIO_Init
                0x08000720       0xaa ./lib/src/stm32f10x_gpio.o
                0x08000720                GPIO_Init
 *fill*         0x080007ca        0x2 00
 .text.RCC_GetClocksFreq
                0x080007cc       0x90 ./lib/src/stm32f10x_rcc.o
                0x080007cc                RCC_GetClocksFreq
 .text.RCC_APB2PeriphClockCmd
                0x0800085c       0x18 ./lib/src/stm32f10x_rcc.o
                0x0800085c                RCC_APB2PeriphClockCmd
 .text.RCC_APB1PeriphClockCmd
                0x08000874       0x18 ./lib/src/stm32f10x_rcc.o
                0x08000874                RCC_APB1PeriphClockCmd
 .text.TIM_TimeBaseInit
                0x0800088c       0xd4 ./lib/src/stm32f10x_tim.o
                0x0800088c                TIM_TimeBaseInit
 .text.TIM_OC2Init
                0x08000960       0x94 ./lib/src/stm32f10x_tim.o
                0x08000960                TIM_OC2Init
 .text.TIM_Cmd  0x080009f4       0x18 ./lib/src/stm32f10x_tim.o
                0x080009f4                TIM_Cmd
 .text.TIM_ITConfig
                0x08000a0c       0x12 ./lib/src/stm32f10x_tim.o
                0x08000a0c                TIM_ITConfig
 .text.TIM_ARRPreloadConfig
                0x08000a1e       0x18 ./lib/src/stm32f10x_tim.o
                0x08000a1e                TIM_ARRPreloadConfig
 .text.TIM_OC2PreloadConfig
                0x08000a36       0x14 ./lib/src/stm32f10x_tim.o
                0x08000a36                TIM_OC2PreloadConfig
 .text.TIM_SetCompare1
                0x08000a4a        0x4 ./lib/src/stm32f10x_tim.o
                0x08000a4a                TIM_SetCompare1
 .text.TIM_SetCompare2
                0x08000a4e        0x4 ./lib/src/stm32f10x_tim.o
                0x08000a4e                TIM_SetCompare2
 .text.TIM_SetCompare3
                0x08000a52        0x4 ./lib/src/stm32f10x_tim.o
                0x08000a52                TIM_SetCompare3
 .text.TIM_SetCompare4
                0x08000a56        0x6 ./lib/src/stm32f10x_tim.o
                0x08000a56                TIM_SetCompare4
 .text.TIM_ClearFlag
                0x08000a5c        0x8 ./lib/src/stm32f10x_tim.o
                0x08000a5c                TIM_ClearFlag
 .text.TIM_ClearITPendingBit
                0x08000a64        0x8 ./lib/src/stm32f10x_tim.o
                0x08000a64                TIM_ClearITPendingBit
 .text.USART_Init
                0x08000a6c       0xb0 ./lib/src/stm32f10x_usart.o
                0x08000a6c                USART_Init
 .text.USART_Cmd
                0x08000b1c       0x18 ./lib/src/stm32f10x_usart.o
                0x08000b1c                USART_Cmd
 .text.USART_SendData
                0x08000b34        0x8 ./lib/src/stm32f10x_usart.o
                0x08000b34                USART_SendData
 .text.USART_GetFlagStatus
                0x08000b3c        0xc ./lib/src/stm32f10x_usart.o
                0x08000b3c                USART_GetFlagStatus
 .text.Reset_Handler
                0x08000b48       0x48 ./lib/startup_stm32f10x_ld_vl.o
                0x08000b48                Reset_Handler
 .text.Default_Handler
                0x08000b90        0x2 ./lib/startup_stm32f10x_ld_vl.o
                0x08000b90                EXTI2_IRQHandler
                0x08000b90                DebugMon_Handler
                0x08000b90                TIM1_CC_IRQHandler
                0x08000b90                HardFault_Handler
                0x08000b90                SysTick_Handler
                0x08000b90                PVD_IRQHandler
                0x08000b90                PendSV_Handler
                0x08000b90                NMI_Handler
                0x08000b90                EXTI3_IRQHandler
                0x08000b90                EXTI0_IRQHandler
                0x08000b90                TIM1_UP_TIM16_IRQHandler
                0x08000b90                UsageFault_Handler
                0x08000b90                SPI1_IRQHandler
                0x08000b90                TAMPER_IRQHandler
                0x08000b90                TIM6_DAC_IRQHandler
                0x08000b90                DMA1_Channel4_IRQHandler
                0x08000b90                ADC1_IRQHandler
                0x08000b90                RTC_IRQHandler
                0x08000b90                DMA1_Channel7_IRQHandler
                0x08000b90                I2C1_EV_IRQHandler
                0x08000b90                DMA1_Channel6_IRQHandler
                0x08000b90                TIM3_IRQHandler
                0x08000b90                RCC_IRQHandler
                0x08000b90                DMA1_Channel1_IRQHandler
                0x08000b90                Default_Handler
                0x08000b90                CEC_IRQHandler
                0x08000b90                EXTI15_10_IRQHandler
                0x08000b90                TIM7_IRQHandler
                0x08000b90                EXTI9_5_IRQHandler
                0x08000b90                MemManage_Handler
                0x08000b90                SVC_Handler
                0x08000b90                DMA1_Channel5_IRQHandler
                0x08000b90                EXTI4_IRQHandler
                0x08000b90                TIM1_TRG_COM_TIM17_IRQHandler
                0x08000b90                DMA1_Channel3_IRQHandler
                0x08000b90                WWDG_IRQHandler
                0x08000b90                EXTI1_IRQHandler
                0x08000b90                RTCAlarm_IRQHandler
                0x08000b90                USART2_IRQHandler
                0x08000b90                DMA1_Channel2_IRQHandler
                0x08000b90                FLASH_IRQHandler
                0x08000b90                BusFault_Handler
                0x08000b90                USART1_IRQHandler
                0x08000b90                I2C1_ER_IRQHandler
                0x08000b90                TIM1_BRK_TIM15_IRQHandler
 *fill*         0x08000b92        0x2 00
 .text.SystemInit
                0x08000b94       0x50 ./lib/system_stm32f10x.o
                0x08000b94                SystemInit
 *(.rodata)
 .rodata        0x08000be4       0x24 ./src/kl_util.o
 *(.rodata*)
 .rodata.str1.1
                0x08000c08        0xa ./src/main.o
 *(.glue_7)
 .glue_7        0x00000000        0x0 linker stubs
 *(.glue_7t)
 .glue_7t       0x00000000        0x0 linker stubs
 *(.eh_frame)
 *fill*         0x08000c12        0x2 00
 .eh_frame      0x08000c14        0x0 c:/yagarto/bin/../lib/gcc/arm-none-eabi/4.6.2/thumb/v7m/crtbegin.o
 *(.init)
 .init          0x08000c14        0x4 c:/yagarto/bin/../lib/gcc/arm-none-eabi/4.6.2/thumb/v7m/crti.o
                0x08000c14                _init
 .init          0x08000c18        0x8 c:/yagarto/bin/../lib/gcc/arm-none-eabi/4.6.2/thumb/v7m/crtn.o
 *(.fini)
 .fini          0x08000c20        0x4 c:/yagarto/bin/../lib/gcc/arm-none-eabi/4.6.2/thumb/v7m/crti.o
                0x08000c20                _fini
 .fini          0x08000c24        0x8 c:/yagarto/bin/../lib/gcc/arm-none-eabi/4.6.2/thumb/v7m/crtn.o
                0x08000c2c                . = ALIGN (0x4)
                0x08000c2c                _etext = .

.vfp11_veneer   0x08000c2c        0x0
 .vfp11_veneer  0x00000000        0x0 linker stubs

.v4_bx          0x08000c2c        0x0
 .v4_bx         0x00000000        0x0 linker stubs

.ARM.extab
 *(.ARM.extab* .gnu.linkonce.armextab.*)

.ARM            0x08000c2c        0x0
                0x08000c2c                __exidx_start = .
 *(.ARM.exidx*)
                0x08000c2c                __exidx_end = .

.preinit_array  0x08000c2c        0x0
                0x08000c2c                PROVIDE (__preinit_array_start, .)
 *(.preinit_array*)
                0x08000c2c                PROVIDE (__preinit_array_end, .)

.init_array     0x08000c2c        0x4
                0x08000c2c                PROVIDE (__init_array_start, .)
 *(SORT(.init_array.*))
 *(.init_array*)
 .init_array    0x08000c2c        0x4 c:/yagarto/bin/../lib/gcc/arm-none-eabi/4.6.2/thumb/v7m/crtbegin.o
                0x08000c30                PROVIDE (__init_array_end, .)

.fini_array     0x08000c30        0x4
                0x08000c30                PROVIDE (__fini_array_start, .)
 *(.fini_array*)
 .fini_array    0x08000c30        0x4 c:/yagarto/bin/../lib/gcc/arm-none-eabi/4.6.2/thumb/v7m/crtbegin.o
 *(SORT(.fini_array.*))
                0x08000c34                PROVIDE (__fini_array_end, .)
                0x08000c34                _sidata = .

.data           0x20000000       0x18 load address 0x08000c34
                0x20000000                . = ALIGN (0x4)
                0x20000000                _sdata = .
 *(.data)
 *(.data*)
 .data.ADCPrescTable
                0x20000000        0x4 ./lib/src/stm32f10x_rcc.o
 .data.APBAHBPrescTable
                0x20000004       0x10 ./lib/src/stm32f10x_rcc.o
 .data.SystemCoreClock
                0x20000014        0x4 ./lib/system_stm32f10x.o
                0x20000014                SystemCoreClock
                0x20000018                . = ALIGN (0x4)
                0x20000018                _edata = .

.jcr            0x20000018        0x0 load address 0x08000c4c
 .jcr           0x20000018        0x0 c:/yagarto/bin/../lib/gcc/arm-none-eabi/4.6.2/thumb/v7m/crtbegin.o
                0x20000018                . = ALIGN (0x4)

.bss            0x20000018       0x28 load address 0x08000c4c
                0x20000018                _sbss = .
                0x20000018                __bss_start__ = _sbss
 *(.bss)
 .bss           0x20000018       0x1c c:/yagarto/bin/../lib/gcc/arm-none-eabi/4.6.2/thumb/v7m/crtbegin.o
 *(.bss*)
 .bss.Delay     0x20000034        0x4 ./src/delay_util.o
                0x20000034                Delay
 .bss.Rilma     0x20000038        0x8 ./src/rilma.o
                0x20000038                Rilma
 *(COMMON)
                0x20000040                . = ALIGN (0x4)
                0x20000040                _ebss = .
                0x20000040                __bss_end__ = _ebss

._user_heap_stack
                0x20000040       0x80 load address 0x08000c74
                0x20000040                . = ALIGN (0x4)
                0x20000040                PROVIDE (end, .)
                0x20000040                PROVIDE (_end, .)
                0x20000040                . = (. + _Min_Heap_Size)
                0x200000c0                . = (. + _Min_Stack_Size)
 *fill*         0x20000040       0x80 00
                0x200000c0                . = ALIGN (0x4)

.memory_b1_text
 *(.mb1text)
 *(.mb1text*)
 *(.mb1rodata)
 *(.mb1rodata*)

/DISCARD/
 libc.a(*)
 libm.a(*)
 libgcc.a(*)

.ARM.attributes
                0x00000000       0x25
 *(.ARM.attributes)
 .ARM.attributes
                0x00000000       0x1d c:/yagarto/bin/../lib/gcc/arm-none-eabi/4.6.2/thumb/v7m/crti.o
 .ARM.attributes
                0x0000001d       0x2b c:/yagarto/bin/../lib/gcc/arm-none-eabi/4.6.2/thumb/v7m/crtbegin.o
 .ARM.attributes
                0x00000048       0x1b c:/yagarto/bin/../lib/gcc/arm-none-eabi/4.6.2/../../../../arm-none-eabi/lib/thumb/v7m/crt0.o
 .ARM.attributes
                0x00000063       0x31 ./src/delay_util.o
 .ARM.attributes
                0x00000094       0x31 ./src/kl_util.o
 .ARM.attributes
                0x000000c5       0x31 ./src/main.o
 .ARM.attributes
                0x000000f6       0x31 ./src/rilma.o
 .ARM.attributes
                0x00000127       0x31 ./lib/src/misc.o
 .ARM.attributes
                0x00000158       0x31 ./lib/src/stm32f10x_adc.o
 .ARM.attributes
                0x00000189       0x31 ./lib/src/stm32f10x_dma.o
 .ARM.attributes
                0x000001ba       0x31 ./lib/src/stm32f10x_flash.o
 .ARM.attributes
                0x000001eb       0x31 ./lib/src/stm32f10x_gpio.o
 .ARM.attributes
                0x0000021c       0x31 ./lib/src/stm32f10x_rcc.o
 .ARM.attributes
                0x0000024d       0x31 ./lib/src/stm32f10x_spi.o
 .ARM.attributes
                0x0000027e       0x31 ./lib/src/stm32f10x_tim.o
 .ARM.attributes
                0x000002af       0x31 ./lib/src/stm32f10x_usart.o
 .ARM.attributes
                0x000002e0       0x31 ./lib/core_cm3.o
 .ARM.attributes
                0x00000311       0x21 ./lib/startup_stm32f10x_ld_vl.o
 .ARM.attributes
                0x00000332       0x31 ./lib/system_stm32f10x.o
 .ARM.attributes
                0x00000363       0x2b c:/yagarto/bin/../lib/gcc/arm-none-eabi/4.6.2/../../../../arm-none-eabi/lib/thumb/v7m\libc.a(lib_a-atexit.o)
 .ARM.attributes
                0x0000038e       0x2b c:/yagarto/bin/../lib/gcc/arm-none-eabi/4.6.2/../../../../arm-none-eabi/lib/thumb/v7m\libc.a(lib_a-exit.o)
 .ARM.attributes
                0x000003b9       0x2b c:/yagarto/bin/../lib/gcc/arm-none-eabi/4.6.2/../../../../arm-none-eabi/lib/thumb/v7m\libc.a(lib_a-fini.o)
 .ARM.attributes
                0x000003e4       0x2b c:/yagarto/bin/../lib/gcc/arm-none-eabi/4.6.2/../../../../arm-none-eabi/lib/thumb/v7m\libc.a(lib_a-impure.o)
 .ARM.attributes
                0x0000040f       0x2b c:/yagarto/bin/../lib/gcc/arm-none-eabi/4.6.2/../../../../arm-none-eabi/lib/thumb/v7m\libc.a(lib_a-init.o)
 .ARM.attributes
                0x0000043a       0x2b c:/yagarto/bin/../lib/gcc/arm-none-eabi/4.6.2/../../../../arm-none-eabi/lib/thumb/v7m\libc.a(lib_a-memset.o)
 .ARM.attributes
                0x00000465       0x2b c:/yagarto/bin/../lib/gcc/arm-none-eabi/4.6.2/../../../../arm-none-eabi/lib/thumb/v7m\libc.a(lib_a-__atexit.o)
 .ARM.attributes
                0x00000490       0x2b c:/yagarto/bin/../lib/gcc/arm-none-eabi/4.6.2/../../../../arm-none-eabi/lib/thumb/v7m\libc.a(lib_a-__call_atexit.o)
 .ARM.attributes
                0x000004bb       0x2b c:/yagarto/bin/../lib/gcc/arm-none-eabi/4.6.2/thumb/v7m/crtend.o
 .ARM.attributes
                0x000004e6       0x1d c:/yagarto/bin/../lib/gcc/arm-none-eabi/4.6.2/thumb/v7m/crtn.o
OUTPUT(Calma03.elf elf32-littlearm)

.debug_line     0x00000000      0xaf2
 .debug_line    0x00000000       0x68 c:/yagarto/bin/../lib/gcc/arm-none-eabi/4.6.2/thumb/v7m/crti.o
 .debug_line    0x00000068       0x8a c:/yagarto/bin/../lib/gcc/arm-none-eabi/4.6.2/../../../../arm-none-eabi/lib/thumb/v7m/crt0.o
 .debug_line    0x000000f2       0xc5 c:/yagarto/bin/../lib/gcc/arm-none-eabi/4.6.2/../../../../arm-none-eabi/lib/thumb/v7m\libc.a(lib_a-atexit.o)
 .debug_line    0x000001b7      0x171 c:/yagarto/bin/../lib/gcc/arm-none-eabi/4.6.2/../../../../arm-none-eabi/lib/thumb/v7m\libc.a(lib_a-exit.o)
 .debug_line    0x00000328       0xd3 c:/yagarto/bin/../lib/gcc/arm-none-eabi/4.6.2/../../../../arm-none-eabi/lib/thumb/v7m\libc.a(lib_a-fini.o)
 .debug_line    0x000003fb      0x116 c:/yagarto/bin/../lib/gcc/arm-none-eabi/4.6.2/../../../../arm-none-eabi/lib/thumb/v7m\libc.a(lib_a-impure.o)
 .debug_line    0x00000511       0xf0 c:/yagarto/bin/../lib/gcc/arm-none-eabi/4.6.2/../../../../arm-none-eabi/lib/thumb/v7m\libc.a(lib_a-init.o)
 .debug_line    0x00000601      0x183 c:/yagarto/bin/../lib/gcc/arm-none-eabi/4.6.2/../../../../arm-none-eabi/lib/thumb/v7m\libc.a(lib_a-memset.o)
 .debug_line    0x00000784      0x166 c:/yagarto/bin/../lib/gcc/arm-none-eabi/4.6.2/../../../../arm-none-eabi/lib/thumb/v7m\libc.a(lib_a-__atexit.o)
 .debug_line    0x000008ea      0x19c c:/yagarto/bin/../lib/gcc/arm-none-eabi/4.6.2/../../../../arm-none-eabi/lib/thumb/v7m\libc.a(lib_a-__call_atexit.o)
 .debug_line    0x00000a86       0x6c c:/yagarto/bin/../lib/gcc/arm-none-eabi/4.6.2/thumb/v7m/crtn.o

.debug_info     0x00000000     0x2c4d
 .debug_info    0x00000000       0x71 c:/yagarto/bin/../lib/gcc/arm-none-eabi/4.6.2/thumb/v7m/crti.o
 .debug_info    0x00000071       0xa5 c:/yagarto/bin/../lib/gcc/arm-none-eabi/4.6.2/../../../../arm-none-eabi/lib/thumb/v7m/crt0.o
 .debug_info    0x00000116       0xc1 c:/yagarto/bin/../lib/gcc/arm-none-eabi/4.6.2/../../../../arm-none-eabi/lib/thumb/v7m\libc.a(lib_a-atexit.o)
 .debug_info    0x000001d7      0x974 c:/yagarto/bin/../lib/gcc/arm-none-eabi/4.6.2/../../../../arm-none-eabi/lib/thumb/v7m\libc.a(lib_a-exit.o)
 .debug_info    0x00000b4b       0xfb c:/yagarto/bin/../lib/gcc/arm-none-eabi/4.6.2/../../../../arm-none-eabi/lib/thumb/v7m\libc.a(lib_a-fini.o)
 .debug_info    0x00000c46      0x966 c:/yagarto/bin/../lib/gcc/arm-none-eabi/4.6.2/../../../../arm-none-eabi/lib/thumb/v7m\libc.a(lib_a-impure.o)
 .debug_info    0x000015ac      0x12f c:/yagarto/bin/../lib/gcc/arm-none-eabi/4.6.2/../../../../arm-none-eabi/lib/thumb/v7m\libc.a(lib_a-init.o)
 .debug_info    0x000016db      0x116 c:/yagarto/bin/../lib/gcc/arm-none-eabi/4.6.2/../../../../arm-none-eabi/lib/thumb/v7m\libc.a(lib_a-memset.o)
 .debug_info    0x000017f1      0x9ef c:/yagarto/bin/../lib/gcc/arm-none-eabi/4.6.2/../../../../arm-none-eabi/lib/thumb/v7m\libc.a(lib_a-__atexit.o)
 .debug_info    0x000021e0      0x9fc c:/yagarto/bin/../lib/gcc/arm-none-eabi/4.6.2/../../../../arm-none-eabi/lib/thumb/v7m\libc.a(lib_a-__call_atexit.o)
 .debug_info    0x00002bdc       0x71 c:/yagarto/bin/../lib/gcc/arm-none-eabi/4.6.2/thumb/v7m/crtn.o

.debug_abbrev   0x00000000      0x8e5
 .debug_abbrev  0x00000000       0x12 c:/yagarto/bin/../lib/gcc/arm-none-eabi/4.6.2/thumb/v7m/crti.o
 .debug_abbrev  0x00000012       0x14 c:/yagarto/bin/../lib/gcc/arm-none-eabi/4.6.2/../../../../arm-none-eabi/lib/thumb/v7m/crt0.o
 .debug_abbrev  0x00000026       0x78 c:/yagarto/bin/../lib/gcc/arm-none-eabi/4.6.2/../../../../arm-none-eabi/lib/thumb/v7m\libc.a(lib_a-atexit.o)
 .debug_abbrev  0x0000009e      0x17d c:/yagarto/bin/../lib/gcc/arm-none-eabi/4.6.2/../../../../arm-none-eabi/lib/thumb/v7m\libc.a(lib_a-exit.o)
 .debug_abbrev  0x0000021b       0x9b c:/yagarto/bin/../lib/gcc/arm-none-eabi/4.6.2/../../../../arm-none-eabi/lib/thumb/v7m\libc.a(lib_a-fini.o)
 .debug_abbrev  0x000002b6      0x166 c:/yagarto/bin/../lib/gcc/arm-none-eabi/4.6.2/../../../../arm-none-eabi/lib/thumb/v7m\libc.a(lib_a-impure.o)
 .debug_abbrev  0x0000041c       0x9b c:/yagarto/bin/../lib/gcc/arm-none-eabi/4.6.2/../../../../arm-none-eabi/lib/thumb/v7m\libc.a(lib_a-init.o)
 .debug_abbrev  0x000004b7       0x8d c:/yagarto/bin/../lib/gcc/arm-none-eabi/4.6.2/../../../../arm-none-eabi/lib/thumb/v7m\libc.a(lib_a-memset.o)
 .debug_abbrev  0x00000544      0x1d3 c:/yagarto/bin/../lib/gcc/arm-none-eabi/4.6.2/../../../../arm-none-eabi/lib/thumb/v7m\libc.a(lib_a-__atexit.o)
 .debug_abbrev  0x00000717      0x1bc c:/yagarto/bin/../lib/gcc/arm-none-eabi/4.6.2/../../../../arm-none-eabi/lib/thumb/v7m\libc.a(lib_a-__call_atexit.o)
 .debug_abbrev  0x000008d3       0x12 c:/yagarto/bin/../lib/gcc/arm-none-eabi/4.6.2/thumb/v7m/crtn.o

.debug_aranges  0x00000000      0x150
 .debug_aranges
                0x00000000       0x28 c:/yagarto/bin/../lib/gcc/arm-none-eabi/4.6.2/thumb/v7m/crti.o
 .debug_aranges
                0x00000028       0x20 c:/yagarto/bin/../lib/gcc/arm-none-eabi/4.6.2/../../../../arm-none-eabi/lib/thumb/v7m/crt0.o
 .debug_aranges
                0x00000048       0x20 c:/yagarto/bin/../lib/gcc/arm-none-eabi/4.6.2/../../../../arm-none-eabi/lib/thumb/v7m\libc.a(lib_a-atexit.o)
 .debug_aranges
                0x00000068       0x20 c:/yagarto/bin/../lib/gcc/arm-none-eabi/4.6.2/../../../../arm-none-eabi/lib/thumb/v7m\libc.a(lib_a-exit.o)
 .debug_aranges
                0x00000088       0x20 c:/yagarto/bin/../lib/gcc/arm-none-eabi/4.6.2/../../../../arm-none-eabi/lib/thumb/v7m\libc.a(lib_a-fini.o)
 .debug_aranges
                0x000000a8       0x20 c:/yagarto/bin/../lib/gcc/arm-none-eabi/4.6.2/../../../../arm-none-eabi/lib/thumb/v7m\libc.a(lib_a-init.o)
 .debug_aranges
                0x000000c8       0x20 c:/yagarto/bin/../lib/gcc/arm-none-eabi/4.6.2/../../../../arm-none-eabi/lib/thumb/v7m\libc.a(lib_a-memset.o)
 .debug_aranges
                0x000000e8       0x20 c:/yagarto/bin/../lib/gcc/arm-none-eabi/4.6.2/../../../../arm-none-eabi/lib/thumb/v7m\libc.a(lib_a-__atexit.o)
 .debug_aranges
                0x00000108       0x20 c:/yagarto/bin/../lib/gcc/arm-none-eabi/4.6.2/../../../../arm-none-eabi/lib/thumb/v7m\libc.a(lib_a-__call_atexit.o)
 .debug_aranges
                0x00000128       0x28 c:/yagarto/bin/../lib/gcc/arm-none-eabi/4.6.2/thumb/v7m/crtn.o

.debug_ranges   0x00000000       0x60
 .debug_ranges  0x00000000       0x20 c:/yagarto/bin/../lib/gcc/arm-none-eabi/4.6.2/thumb/v7m/crti.o
 .debug_ranges  0x00000020       0x20 c:/yagarto/bin/../lib/gcc/arm-none-eabi/4.6.2/../../../../arm-none-eabi/lib/thumb/v7m\libc.a(lib_a-__call_atexit.o)
 .debug_ranges  0x00000040       0x20 c:/yagarto/bin/../lib/gcc/arm-none-eabi/4.6.2/thumb/v7m/crtn.o

.comment        0x00000000       0x11
 .comment       0x00000000       0x11 c:/yagarto/bin/../lib/gcc/arm-none-eabi/4.6.2/thumb/v7m/crtbegin.o
                                 0x12 (size before relaxing)
 .comment       0x00000000       0x12 ./src/delay_util.o
 .comment       0x00000000       0x12 ./src/kl_util.o
 .comment       0x00000000       0x12 ./src/main.o
 .comment       0x00000000       0x12 ./src/rilma.o
 .comment       0x00000000       0x12 ./lib/src/misc.o
 .comment       0x00000000       0x12 ./lib/src/stm32f10x_adc.o
 .comment       0x00000000       0x12 ./lib/src/stm32f10x_dma.o
 .comment       0x00000000       0x12 ./lib/src/stm32f10x_flash.o
 .comment       0x00000000       0x12 ./lib/src/stm32f10x_gpio.o
 .comment       0x00000000       0x12 ./lib/src/stm32f10x_rcc.o
 .comment       0x00000000       0x12 ./lib/src/stm32f10x_spi.o
 .comment       0x00000000       0x12 ./lib/src/stm32f10x_tim.o
 .comment       0x00000000       0x12 ./lib/src/stm32f10x_usart.o
 .comment       0x00000000       0x12 ./lib/core_cm3.o
 .comment       0x00000000       0x12 ./lib/system_stm32f10x.o
 .comment       0x00000000       0x12 c:/yagarto/bin/../lib/gcc/arm-none-eabi/4.6.2/../../../../arm-none-eabi/lib/thumb/v7m\libc.a(lib_a-atexit.o)
 .comment       0x00000000       0x12 c:/yagarto/bin/../lib/gcc/arm-none-eabi/4.6.2/../../../../arm-none-eabi/lib/thumb/v7m\libc.a(lib_a-exit.o)
 .comment       0x00000000       0x12 c:/yagarto/bin/../lib/gcc/arm-none-eabi/4.6.2/../../../../arm-none-eabi/lib/thumb/v7m\libc.a(lib_a-fini.o)
 .comment       0x00000000       0x12 c:/yagarto/bin/../lib/gcc/arm-none-eabi/4.6.2/../../../../arm-none-eabi/lib/thumb/v7m\libc.a(lib_a-impure.o)
 .comment       0x00000000       0x12 c:/yagarto/bin/../lib/gcc/arm-none-eabi/4.6.2/../../../../arm-none-eabi/lib/thumb/v7m\libc.a(lib_a-init.o)
 .comment       0x00000000       0x12 c:/yagarto/bin/../lib/gcc/arm-none-eabi/4.6.2/../../../../arm-none-eabi/lib/thumb/v7m\libc.a(lib_a-memset.o)
 .comment       0x00000000       0x12 c:/yagarto/bin/../lib/gcc/arm-none-eabi/4.6.2/../../../../arm-none-eabi/lib/thumb/v7m\libc.a(lib_a-__atexit.o)
 .comment       0x00000000       0x12 c:/yagarto/bin/../lib/gcc/arm-none-eabi/4.6.2/../../../../arm-none-eabi/lib/thumb/v7m\libc.a(lib_a-__call_atexit.o)
 .comment       0x00000000       0x12 c:/yagarto/bin/../lib/gcc/arm-none-eabi/4.6.2/thumb/v7m/crtend.o

.debug_loc      0x00000000      0x60d
 .debug_loc     0x00000000       0x1e c:/yagarto/bin/../lib/gcc/arm-none-eabi/4.6.2/../../../../arm-none-eabi/lib/thumb/v7m\libc.a(lib_a-atexit.o)
 .debug_loc     0x0000001e       0x3e c:/yagarto/bin/../lib/gcc/arm-none-eabi/4.6.2/../../../../arm-none-eabi/lib/thumb/v7m\libc.a(lib_a-exit.o)
 .debug_loc     0x0000005c       0x71 c:/yagarto/bin/../lib/gcc/arm-none-eabi/4.6.2/../../../../arm-none-eabi/lib/thumb/v7m\libc.a(lib_a-fini.o)
 .debug_loc     0x000000cd       0x7c c:/yagarto/bin/../lib/gcc/arm-none-eabi/4.6.2/../../../../arm-none-eabi/lib/thumb/v7m\libc.a(lib_a-init.o)
 .debug_loc     0x00000149      0x1fb c:/yagarto/bin/../lib/gcc/arm-none-eabi/4.6.2/../../../../arm-none-eabi/lib/thumb/v7m\libc.a(lib_a-memset.o)
 .debug_loc     0x00000344      0x114 c:/yagarto/bin/../lib/gcc/arm-none-eabi/4.6.2/../../../../arm-none-eabi/lib/thumb/v7m\libc.a(lib_a-__atexit.o)
 .debug_loc     0x00000458      0x1b5 c:/yagarto/bin/../lib/gcc/arm-none-eabi/4.6.2/../../../../arm-none-eabi/lib/thumb/v7m\libc.a(lib_a-__call_atexit.o)

.debug_str      0x00000000      0x873
 .debug_str     0x00000000      0x11c c:/yagarto/bin/../lib/gcc/arm-none-eabi/4.6.2/../../../../arm-none-eabi/lib/thumb/v7m\libc.a(lib_a-atexit.o)
                                0x15c (size before relaxing)
 .debug_str     0x0000011c      0x3e3 c:/yagarto/bin/../lib/gcc/arm-none-eabi/4.6.2/../../../../arm-none-eabi/lib/thumb/v7m\libc.a(lib_a-exit.o)
                                0x4ef (size before relaxing)
 .debug_str     0x000004ff       0xc7 c:/yagarto/bin/../lib/gcc/arm-none-eabi/4.6.2/../../../../arm-none-eabi/lib/thumb/v7m\libc.a(lib_a-fini.o)
                                0x162 (size before relaxing)
 .debug_str     0x000005c6       0x9a c:/yagarto/bin/../lib/gcc/arm-none-eabi/4.6.2/../../../../arm-none-eabi/lib/thumb/v7m\libc.a(lib_a-impure.o)
                                0x4fd (size before relaxing)
 .debug_str     0x00000660       0x9b c:/yagarto/bin/../lib/gcc/arm-none-eabi/4.6.2/../../../../arm-none-eabi/lib/thumb/v7m\libc.a(lib_a-init.o)
                                0x18c (size before relaxing)
 .debug_str     0x000006fb       0xab c:/yagarto/bin/../lib/gcc/arm-none-eabi/4.6.2/../../../../arm-none-eabi/lib/thumb/v7m\libc.a(lib_a-memset.o)
                                0x147 (size before relaxing)
 .debug_str     0x000007a6       0x68 c:/yagarto/bin/../lib/gcc/arm-none-eabi/4.6.2/../../../../arm-none-eabi/lib/thumb/v7m\libc.a(lib_a-__atexit.o)
                                0x545 (size before relaxing)
 .debug_str     0x0000080e       0x65 c:/yagarto/bin/../lib/gcc/arm-none-eabi/4.6.2/../../../../arm-none-eabi/lib/thumb/v7m\libc.a(lib_a-__call_atexit.o)
                                0x517 (size before relaxing)

.debug_frame    0x00000000      0x138
 .debug_frame   0x00000000       0x20 c:/yagarto/bin/../lib/gcc/arm-none-eabi/4.6.2/../../../../arm-none-eabi/lib/thumb/v7m\libc.a(lib_a-atexit.o)
 .debug_frame   0x00000020       0x28 c:/yagarto/bin/../lib/gcc/arm-none-eabi/4.6.2/../../../../arm-none-eabi/lib/thumb/v7m\libc.a(lib_a-exit.o)
 .debug_frame   0x00000048       0x2c c:/yagarto/bin/../lib/gcc/arm-none-eabi/4.6.2/../../../../arm-none-eabi/lib/thumb/v7m\libc.a(lib_a-fini.o)
 .debug_frame   0x00000074       0x2c c:/yagarto/bin/../lib/gcc/arm-none-eabi/4.6.2/../../../../arm-none-eabi/lib/thumb/v7m\libc.a(lib_a-init.o)
 .debug_frame   0x000000a0       0x2c c:/yagarto/bin/../lib/gcc/arm-none-eabi/4.6.2/../../../../arm-none-eabi/lib/thumb/v7m\libc.a(lib_a-memset.o)
 .debug_frame   0x000000cc       0x34 c:/yagarto/bin/../lib/gcc/arm-none-eabi/4.6.2/../../../../arm-none-eabi/lib/thumb/v7m\libc.a(lib_a-__atexit.o)
 .debug_frame   0x00000100       0x38 c:/yagarto/bin/../lib/gcc/arm-none-eabi/4.6.2/../../../../arm-none-eabi/lib/thumb/v7m\libc.a(lib_a-__call_atexit.o)
