Archive member included because of file (symbol)

c:/winavr/bin/../lib/gcc/avr/4.3.3/avr4\libgcc.a(_udivmodhi4.o)
                              obj/uart_soft.o (__udivmodhi4)
c:/winavr/bin/../lib/gcc/avr/4.3.3/avr4\libgcc.a(_exit.o)
                              c:/winavr/bin/../lib/gcc/avr/4.3.3/../../../../avr/lib/avr4/crtm88.o (exit)
c:/winavr/bin/../lib/gcc/avr/4.3.3/avr4\libgcc.a(_clear_bss.o)
                              obj/lia.o (__do_clear_bss)

Allocating common symbols
Common symbol       size              file

ELia                0xb               obj/lia.o
TickCounter         0x2               obj/delay_util.o
CC_Srv              0x4               obj/lia.o
CC                  0xf               obj/cc2500.o

Memory Configuration

Name             Origin             Length             Attributes
text             0x00000000         0x00002000         xr
data             0x00800060         0x0000ffa0         rw !x
eeprom           0x00810000         0x00010000         rw !x
fuse             0x00820000         0x00000400         rw !x
lock             0x00830000         0x00000400         rw !x
signature        0x00840000         0x00000400         rw !x
*default*        0x00000000         0xffffffff

Linker script and memory map

Address of section .data set to 0x800100
LOAD c:/winavr/bin/../lib/gcc/avr/4.3.3/../../../../avr/lib/avr4/crtm88.o
LOAD obj/lia.o
LOAD obj/delay_util.o
LOAD obj/cc2500.o
LOAD obj/uart_soft.o
LOAD c:/winavr/bin/../lib/gcc/avr/4.3.3/../../../../avr/lib/avr4\libm.a
LOAD c:/winavr/bin/../lib/gcc/avr/4.3.3/avr4\libgcc.a
LOAD c:/winavr/bin/../lib/gcc/avr/4.3.3/../../../../avr/lib/avr4\libc.a
LOAD c:/winavr/bin/../lib/gcc/avr/4.3.3/avr4\libgcc.a

.hash
 *(.hash)

.dynsym
 *(.dynsym)

.dynstr
 *(.dynstr)

.gnu.version
 *(.gnu.version)

.gnu.version_d
 *(.gnu.version_d)

.gnu.version_r
 *(.gnu.version_r)

.rel.init
 *(.rel.init)

.rela.init
 *(.rela.init)

.rel.text
 *(.rel.text)
 *(.rel.text.*)
 *(.rel.gnu.linkonce.t*)

.rela.text
 *(.rela.text)
 *(.rela.text.*)
 *(.rela.gnu.linkonce.t*)

.rel.fini
 *(.rel.fini)

.rela.fini
 *(.rela.fini)

.rel.rodata
 *(.rel.rodata)
 *(.rel.rodata.*)
 *(.rel.gnu.linkonce.r*)

.rela.rodata
 *(.rela.rodata)
 *(.rela.rodata.*)
 *(.rela.gnu.linkonce.r*)

.rel.data
 *(.rel.data)
 *(.rel.data.*)
 *(.rel.gnu.linkonce.d*)

.rela.data
 *(.rela.data)
 *(.rela.data.*)
 *(.rela.gnu.linkonce.d*)

.rel.ctors
 *(.rel.ctors)

.rela.ctors
 *(.rela.ctors)

.rel.dtors
 *(.rel.dtors)

.rela.dtors
 *(.rela.dtors)

.rel.got
 *(.rel.got)

.rela.got
 *(.rela.got)

.rel.bss
 *(.rel.bss)

.rela.bss
 *(.rela.bss)

.rel.plt
 *(.rel.plt)

.rela.plt
 *(.rela.plt)

.text           0x00000000      0x7ce
 *(.vectors)
 .vectors       0x00000000       0x34 c:/winavr/bin/../lib/gcc/avr/4.3.3/../../../../avr/lib/avr4/crtm88.o
                0x00000000                __vectors
                0x00000000                __vector_default
 *(.vectors)
 *(.progmem.gcc*)
 *(.progmem*)
                0x00000034                . = ALIGN (0x2)
                0x00000034                __trampolines_start = .
 *(.trampolines)
 .trampolines   0x00000034        0x0 linker stubs
 *(.trampolines*)
                0x00000034                __trampolines_end = .
 *(.jumptables)
 *(.jumptables*)
 *(.lowtext)
 *(.lowtext*)
                0x00000034                __ctors_start = .
 *(.ctors)
                0x00000034                __ctors_end = .
                0x00000034                __dtors_start = .
 *(.dtors)
                0x00000034                __dtors_end = .
 SORT(*)(.ctors)
 SORT(*)(.dtors)
 *(.init0)
 .init0         0x00000034        0x0 c:/winavr/bin/../lib/gcc/avr/4.3.3/../../../../avr/lib/avr4/crtm88.o
                0x00000034                __init
 *(.init0)
 *(.init1)
 *(.init1)
 *(.init2)
 .init2         0x00000034        0xc c:/winavr/bin/../lib/gcc/avr/4.3.3/../../../../avr/lib/avr4/crtm88.o
 *(.init2)
 *(.init3)
 *(.init3)
 *(.init4)
 .init4         0x00000040       0x10 c:/winavr/bin/../lib/gcc/avr/4.3.3/avr4\libgcc.a(_clear_bss.o)
                0x00000040                __do_clear_bss
 *(.init4)
 *(.init5)
 *(.init5)
 *(.init6)
 *(.init6)
 *(.init7)
 *(.init7)
 *(.init8)
 *(.init8)
 *(.init9)
 .init9         0x00000050        0x4 c:/winavr/bin/../lib/gcc/avr/4.3.3/../../../../avr/lib/avr4/crtm88.o
 *(.init9)
 *(.text)
 .text          0x00000054        0x2 c:/winavr/bin/../lib/gcc/avr/4.3.3/../../../../avr/lib/avr4/crtm88.o
                0x00000054                __vector_22
                0x00000054                __vector_24
                0x00000054                __vector_12
                0x00000054                __bad_interrupt
                0x00000054                __vector_6
                0x00000054                __vector_3
                0x00000054                __vector_23
                0x00000054                __vector_25
                0x00000054                __vector_11
                0x00000054                __vector_13
                0x00000054                __vector_17
                0x00000054                __vector_19
                0x00000054                __vector_7
                0x00000054                __vector_5
                0x00000054                __vector_4
                0x00000054                __vector_9
                0x00000054                __vector_2
                0x00000054                __vector_21
                0x00000054                __vector_15
                0x00000054                __vector_8
                0x00000054                __vector_10
                0x00000054                __vector_16
                0x00000054                __vector_18
                0x00000054                __vector_20
 .text          0x00000056      0x14a obj/lia.o
                0x00000082                CC_Task
                0x0000013e                main
                0x00000056                EVENT_NewPacket
                0x0000010a                GeneralInit
 .text          0x000001a0       0x8c obj/delay_util.o
                0x000001e8                DelayReset
                0x000001b6                DelayElapsed
                0x000001a0                DelayInit
                0x000001fe                __vector_14
 .text          0x0000022c      0x390 obj/cc2500.o
                0x00000528                __vector_1
                0x00000340                CC_ReadRegister
                0x000004cc                CC_Init
                0x0000026e                CC_WriteBurst_P
                0x000002fc                CC_ReadRX
                0x000003ec                CC_RfConfig
                0x00000372                CC_WriteRegister
                0x000003aa                CC_WriteStrobe
                0x000003a2                CC_SetAddress
                0x00000516                CC_ReadWriteByte
                0x000003d0                CC_SetChannel
                0x000002b0                CC_WriteTX
                0x0000022c                CC_WriteBurst
 .text          0x000005bc      0x1e6 obj/uart_soft.o
                0x000006f8                UARTSendString
                0x000005f8                UARTSendAsHex
                0x0000077c                UARTSendArrAsString
                0x000005c2                UARTSend
                0x00000632                UARTSendUint
                0x000005bc                UARTInit
                0x0000075e                UARTSendArr
                0x0000073a                UARTSendString_P
                0x0000062c                UARTNewLine
                0x00000710                UARTSendStringLen
                0x00000620                UintToHexChar
                0x000006d4                UARTSendInt
 .text          0x000007a2        0x0 c:/winavr/bin/../lib/gcc/avr/4.3.3/avr4\libgcc.a(_udivmodhi4.o)
 .text          0x000007a2        0x0 c:/winavr/bin/../lib/gcc/avr/4.3.3/avr4\libgcc.a(_exit.o)
 .text          0x000007a2        0x0 c:/winavr/bin/../lib/gcc/avr/4.3.3/avr4\libgcc.a(_clear_bss.o)
                0x000007a2                . = ALIGN (0x2)
 *(.text.*)
 .text.libgcc   0x000007a2       0x28 c:/winavr/bin/../lib/gcc/avr/4.3.3/avr4\libgcc.a(_udivmodhi4.o)
                0x000007a2                __udivmodhi4
 .text.libgcc   0x000007ca        0x0 c:/winavr/bin/../lib/gcc/avr/4.3.3/avr4\libgcc.a(_exit.o)
 .text.libgcc   0x000007ca        0x0 c:/winavr/bin/../lib/gcc/avr/4.3.3/avr4\libgcc.a(_clear_bss.o)
                0x000007ca                . = ALIGN (0x2)
 *(.fini9)
 .fini9         0x000007ca        0x0 c:/winavr/bin/../lib/gcc/avr/4.3.3/avr4\libgcc.a(_exit.o)
                0x000007ca                exit
                0x000007ca                _exit
 *(.fini9)
 *(.fini8)
 *(.fini8)
 *(.fini7)
 *(.fini7)
 *(.fini6)
 *(.fini6)
 *(.fini5)
 *(.fini5)
 *(.fini4)
 *(.fini4)
 *(.fini3)
 *(.fini3)
 *(.fini2)
 *(.fini2)
 *(.fini1)
 *(.fini1)
 *(.fini0)
 .fini0         0x000007ca        0x4 c:/winavr/bin/../lib/gcc/avr/4.3.3/avr4\libgcc.a(_exit.o)
 *(.fini0)
                0x000007ce                _etext = .

.data           0x00800100        0x0 load address 0x000007ce
                0x00800100                PROVIDE (__data_start, .)
 *(.data)
 .data          0x00800100        0x0 c:/winavr/bin/../lib/gcc/avr/4.3.3/../../../../avr/lib/avr4/crtm88.o
 .data          0x00800100        0x0 obj/lia.o
 .data          0x00800100        0x0 obj/delay_util.o
 .data          0x00800100        0x0 obj/cc2500.o
 .data          0x00800100        0x0 obj/uart_soft.o
 .data          0x00800100        0x0 c:/winavr/bin/../lib/gcc/avr/4.3.3/avr4\libgcc.a(_udivmodhi4.o)
 .data          0x00800100        0x0 c:/winavr/bin/../lib/gcc/avr/4.3.3/avr4\libgcc.a(_exit.o)
 .data          0x00800100        0x0 c:/winavr/bin/../lib/gcc/avr/4.3.3/avr4\libgcc.a(_clear_bss.o)
 *(.data*)
 *(.rodata)
 *(.rodata*)
 *(.gnu.linkonce.d*)
                0x00800100                . = ALIGN (0x2)
                0x00800100                _edata = .
                0x00800100                PROVIDE (__data_end, .)

.bss            0x00800100       0x20
                0x00800100                PROVIDE (__bss_start, .)
 *(.bss)
 .bss           0x00800100        0x0 c:/winavr/bin/../lib/gcc/avr/4.3.3/../../../../avr/lib/avr4/crtm88.o
 .bss           0x00800100        0x0 obj/lia.o
 .bss           0x00800100        0x0 obj/delay_util.o
 .bss           0x00800100        0x0 obj/cc2500.o
 .bss           0x00800100        0x0 obj/uart_soft.o
 .bss           0x00800100        0x0 c:/winavr/bin/../lib/gcc/avr/4.3.3/avr4\libgcc.a(_udivmodhi4.o)
 .bss           0x00800100        0x0 c:/winavr/bin/../lib/gcc/avr/4.3.3/avr4\libgcc.a(_exit.o)
 .bss           0x00800100        0x0 c:/winavr/bin/../lib/gcc/avr/4.3.3/avr4\libgcc.a(_clear_bss.o)
 *(.bss*)
 *(COMMON)
 COMMON         0x00800100        0xf obj/lia.o
                0x00800100                ELia
                0x0080010b                CC_Srv
 COMMON         0x0080010f        0x2 obj/delay_util.o
                0x0080010f                TickCounter
 COMMON         0x00800111        0xf obj/cc2500.o
                0x00800111                CC
                0x00800120                PROVIDE (__bss_end, .)
                0x000007ce                __data_load_start = LOADADDR (.data)
                0x000007ce                __data_load_end = (__data_load_start + SIZEOF (.data))

.noinit         0x00800120        0x0
                0x00800120                PROVIDE (__noinit_start, .)
 *(.noinit*)
                0x00800120                PROVIDE (__noinit_end, .)
                0x00800120                _end = .
                0x00800120                PROVIDE (__heap_start, .)

.eeprom         0x00810000        0x0
 *(.eeprom*)
                0x00810000                __eeprom_end = .

.fuse
 *(.fuse)
 *(.lfuse)
 *(.hfuse)
 *(.efuse)

.lock
 *(.lock*)

.signature
 *(.signature*)

.stab
 *(.stab)

.stabstr
 *(.stabstr)

.stab.excl
 *(.stab.excl)

.stab.exclstr
 *(.stab.exclstr)

.stab.index
 *(.stab.index)

.stab.indexstr
 *(.stab.indexstr)

.comment
 *(.comment)

.debug
 *(.debug)

.line
 *(.line)

.debug_srcinfo
 *(.debug_srcinfo)

.debug_sfnames
 *(.debug_sfnames)

.debug_aranges  0x00000000       0x80
 *(.debug_aranges)
 .debug_aranges
                0x00000000       0x20 obj/lia.o
 .debug_aranges
                0x00000020       0x20 obj/delay_util.o
 .debug_aranges
                0x00000040       0x20 obj/cc2500.o
 .debug_aranges
                0x00000060       0x20 obj/uart_soft.o

.debug_pubnames
                0x00000000      0x2a2
 *(.debug_pubnames)
 .debug_pubnames
                0x00000000       0x5f obj/lia.o
 .debug_pubnames
                0x0000005f       0x60 obj/delay_util.o
 .debug_pubnames
                0x000000bf       0xfc obj/cc2500.o
 .debug_pubnames
                0x000001bb       0xe7 obj/uart_soft.o

.debug_info     0x00000000     0x1396
 *(.debug_info)
 .debug_info    0x00000000      0x2d1 obj/lia.o
 .debug_info    0x000002d1      0x1f7 obj/delay_util.o
 .debug_info    0x000004c8      0x9a3 obj/cc2500.o
 .debug_info    0x00000e6b      0x52b obj/uart_soft.o
 *(.gnu.linkonce.wi.*)

.debug_abbrev   0x00000000      0x6ea
 *(.debug_abbrev)
 .debug_abbrev  0x00000000      0x13d obj/lia.o
 .debug_abbrev  0x0000013d      0x14a obj/delay_util.o
 .debug_abbrev  0x00000287      0x276 obj/cc2500.o
 .debug_abbrev  0x000004fd      0x1ed obj/uart_soft.o

.debug_line     0x00000000      0xed7
 *(.debug_line)
 .debug_line    0x00000000      0x250 obj/lia.o
 .debug_line    0x00000250      0x190 obj/delay_util.o
 .debug_line    0x000003e0      0x7aa obj/cc2500.o
 .debug_line    0x00000b8a      0x34d obj/uart_soft.o

.debug_frame    0x00000000      0x250
 *(.debug_frame)
 .debug_frame   0x00000000       0x50 obj/lia.o
 .debug_frame   0x00000050       0x50 obj/delay_util.o
 .debug_frame   0x000000a0       0xe0 obj/cc2500.o
 .debug_frame   0x00000180       0xd0 obj/uart_soft.o

.debug_str      0x00000000      0x40e
 *(.debug_str)
 .debug_str     0x00000000      0x13c obj/lia.o
                                0x18b (size before relaxing)
 .debug_str     0x0000013c       0x83 obj/delay_util.o
                                0x126 (size before relaxing)
 .debug_str     0x000001bf      0x12d obj/cc2500.o
                                0x273 (size before relaxing)
 .debug_str     0x000002ec      0x122 obj/uart_soft.o
                                0x21b (size before relaxing)

.debug_loc      0x00000000      0x742
 *(.debug_loc)
 .debug_loc     0x00000000       0x6e obj/delay_util.o
 .debug_loc     0x0000006e      0x393 obj/cc2500.o
 .debug_loc     0x00000401      0x341 obj/uart_soft.o

.debug_macinfo
 *(.debug_macinfo)
OUTPUT(lia.elf elf32-avr)
LOAD linker stubs

.debug_ranges   0x00000000      0x108
 .debug_ranges  0x00000000       0xc0 obj/cc2500.o
 .debug_ranges  0x000000c0       0x48 obj/uart_soft.o

Cross Reference Table

Symbol                                            File
CC                                                obj/cc2500.o
                                                  obj/lia.o
CC_Init                                           obj/cc2500.o
                                                  obj/lia.o
CC_ReadRX                                         obj/cc2500.o
CC_ReadRegister                                   obj/cc2500.o
CC_ReadWriteByte                                  obj/cc2500.o
CC_RfConfig                                       obj/cc2500.o
CC_SetAddress                                     obj/cc2500.o
                                                  obj/lia.o
CC_SetChannel                                     obj/cc2500.o
CC_Srv                                            obj/lia.o
CC_Task                                           obj/lia.o
CC_WriteBurst                                     obj/cc2500.o
CC_WriteBurst_P                                   obj/cc2500.o
CC_WriteRegister                                  obj/cc2500.o
CC_WriteStrobe                                    obj/cc2500.o
                                                  obj/lia.o
CC_WriteTX                                        obj/cc2500.o
                                                  obj/lia.o
DelayElapsed                                      obj/delay_util.o
                                                  obj/lia.o
DelayInit                                         obj/delay_util.o
                                                  obj/lia.o
DelayReset                                        obj/delay_util.o
                                                  obj/lia.o
ELia                                              obj/lia.o
EVENT_NewPacket                                   obj/lia.o
GeneralInit                                       obj/lia.o
TickCounter                                       obj/delay_util.o
UARTInit                                          obj/uart_soft.o
UARTNewLine                                       obj/uart_soft.o
UARTSend                                          obj/uart_soft.o
UARTSendArr                                       obj/uart_soft.o
UARTSendArrAsString                               obj/uart_soft.o
UARTSendAsHex                                     obj/uart_soft.o
UARTSendInt                                       obj/uart_soft.o
UARTSendString                                    obj/uart_soft.o
UARTSendStringLen                                 obj/uart_soft.o
UARTSendString_P                                  obj/uart_soft.o
UARTSendUint                                      obj/uart_soft.o
UintToHexChar                                     obj/uart_soft.o
__bad_interrupt                                   c:/winavr/bin/../lib/gcc/avr/4.3.3/../../../../avr/lib/avr4/crtm88.o
__bss_end                                         c:/winavr/bin/../lib/gcc/avr/4.3.3/avr4\libgcc.a(_clear_bss.o)
__bss_start                                       c:/winavr/bin/../lib/gcc/avr/4.3.3/avr4\libgcc.a(_clear_bss.o)
__do_clear_bss                                    c:/winavr/bin/../lib/gcc/avr/4.3.3/avr4\libgcc.a(_clear_bss.o)
                                                  obj/cc2500.o
                                                  obj/delay_util.o
                                                  obj/lia.o
__heap_end                                        c:/winavr/bin/../lib/gcc/avr/4.3.3/../../../../avr/lib/avr4/crtm88.o
__init                                            c:/winavr/bin/../lib/gcc/avr/4.3.3/../../../../avr/lib/avr4/crtm88.o
__stack                                           c:/winavr/bin/../lib/gcc/avr/4.3.3/../../../../avr/lib/avr4/crtm88.o
__udivmodhi4                                      c:/winavr/bin/../lib/gcc/avr/4.3.3/avr4\libgcc.a(_udivmodhi4.o)
                                                  obj/uart_soft.o
__vector_1                                        obj/cc2500.o
                                                  c:/winavr/bin/../lib/gcc/avr/4.3.3/../../../../avr/lib/avr4/crtm88.o
__vector_10                                       c:/winavr/bin/../lib/gcc/avr/4.3.3/../../../../avr/lib/avr4/crtm88.o
__vector_11                                       c:/winavr/bin/../lib/gcc/avr/4.3.3/../../../../avr/lib/avr4/crtm88.o
__vector_12                                       c:/winavr/bin/../lib/gcc/avr/4.3.3/../../../../avr/lib/avr4/crtm88.o
__vector_13                                       c:/winavr/bin/../lib/gcc/avr/4.3.3/../../../../avr/lib/avr4/crtm88.o
__vector_14                                       obj/delay_util.o
                                                  c:/winavr/bin/../lib/gcc/avr/4.3.3/../../../../avr/lib/avr4/crtm88.o
__vector_15                                       c:/winavr/bin/../lib/gcc/avr/4.3.3/../../../../avr/lib/avr4/crtm88.o
__vector_16                                       c:/winavr/bin/../lib/gcc/avr/4.3.3/../../../../avr/lib/avr4/crtm88.o
__vector_17                                       c:/winavr/bin/../lib/gcc/avr/4.3.3/../../../../avr/lib/avr4/crtm88.o
__vector_18                                       c:/winavr/bin/../lib/gcc/avr/4.3.3/../../../../avr/lib/avr4/crtm88.o
__vector_19                                       c:/winavr/bin/../lib/gcc/avr/4.3.3/../../../../avr/lib/avr4/crtm88.o
__vector_2                                        c:/winavr/bin/../lib/gcc/avr/4.3.3/../../../../avr/lib/avr4/crtm88.o
__vector_20                                       c:/winavr/bin/../lib/gcc/avr/4.3.3/../../../../avr/lib/avr4/crtm88.o
__vector_21                                       c:/winavr/bin/../lib/gcc/avr/4.3.3/../../../../avr/lib/avr4/crtm88.o
__vector_22                                       c:/winavr/bin/../lib/gcc/avr/4.3.3/../../../../avr/lib/avr4/crtm88.o
__vector_23                                       c:/winavr/bin/../lib/gcc/avr/4.3.3/../../../../avr/lib/avr4/crtm88.o
__vector_24                                       c:/winavr/bin/../lib/gcc/avr/4.3.3/../../../../avr/lib/avr4/crtm88.o
__vector_25                                       c:/winavr/bin/../lib/gcc/avr/4.3.3/../../../../avr/lib/avr4/crtm88.o
__vector_3                                        c:/winavr/bin/../lib/gcc/avr/4.3.3/../../../../avr/lib/avr4/crtm88.o
__vector_4                                        c:/winavr/bin/../lib/gcc/avr/4.3.3/../../../../avr/lib/avr4/crtm88.o
__vector_5                                        c:/winavr/bin/../lib/gcc/avr/4.3.3/../../../../avr/lib/avr4/crtm88.o
__vector_6                                        c:/winavr/bin/../lib/gcc/avr/4.3.3/../../../../avr/lib/avr4/crtm88.o
__vector_7                                        c:/winavr/bin/../lib/gcc/avr/4.3.3/../../../../avr/lib/avr4/crtm88.o
__vector_8                                        c:/winavr/bin/../lib/gcc/avr/4.3.3/../../../../avr/lib/avr4/crtm88.o
__vector_9                                        c:/winavr/bin/../lib/gcc/avr/4.3.3/../../../../avr/lib/avr4/crtm88.o
__vector_default                                  c:/winavr/bin/../lib/gcc/avr/4.3.3/../../../../avr/lib/avr4/crtm88.o
__vectors                                         c:/winavr/bin/../lib/gcc/avr/4.3.3/../../../../avr/lib/avr4/crtm88.o
_exit                                             c:/winavr/bin/../lib/gcc/avr/4.3.3/avr4\libgcc.a(_exit.o)
exit                                              c:/winavr/bin/../lib/gcc/avr/4.3.3/avr4\libgcc.a(_exit.o)
                                                  c:/winavr/bin/../lib/gcc/avr/4.3.3/../../../../avr/lib/avr4/crtm88.o
main                                              obj/lia.o
                                                  c:/winavr/bin/../lib/gcc/avr/4.3.3/../../../../avr/lib/avr4/crtm88.o
